Archive member included to satisfy reference by file (symbol)

.pio/build/daisyseed_duino/lib646/libWire.a(Wire.cpp.o)
                              .pio/build/daisyseed_duino/src/daisy-mfx/main.cpp.o (TwoWire::setClock(unsigned long))
.pio/build/daisyseed_duino/lib646/libWire.a(twi.c.o)
                              .pio/build/daisyseed_duino/lib646/libWire.a(Wire.cpp.o) (i2c_init)
.pio/build/daisyseed_duino/libbbd/libDaisyDuino.a(AudioClass.cpp.o)
                              .pio/build/daisyseed_duino/src/daisy-mfx/main.cpp.o (AudioClass::begin(void (*)(float**, float**, unsigned int)))
.pio/build/daisyseed_duino/libbbd/libDaisyDuino.a(DaisyDuino.cpp.o)
                              .pio/build/daisyseed_duino/libbbd/libDaisyDuino.a(AudioClass.cpp.o) (DaisyHardware::Init(float, DaisyDuinoDevice))
.pio/build/daisyseed_duino/libbbd/libDaisyDuino.a(phasor.cpp.o)
                              .pio/build/daisyseed_duino/src/daisy-mfx/main.cpp.o (daisysp::Phasor::SetFreq(float))
.pio/build/daisyseed_duino/libbbd/libDaisyDuino.a(reverbsc.cpp.o)
                              .pio/build/daisyseed_duino/src/daisy-mfx/main.cpp.o (daisysp::ReverbSc::Init(float))
.pio/build/daisyseed_duino/libbbd/libDaisyDuino.a(audio.cpp.o)
                              .pio/build/daisyseed_duino/libbbd/libDaisyDuino.a(AudioClass.cpp.o) (daisy::AudioHandle::Init(daisy::AudioHandle::Config const&, daisy::SaiHandle))
.pio/build/daisyseed_duino/libbbd/libDaisyDuino.a(codec_ak4556.cpp.o)
                              .pio/build/daisyseed_duino/libbbd/libDaisyDuino.a(AudioClass.cpp.o) (daisy::Ak4556::Init(dsy_gpio_pin))
.pio/build/daisyseed_duino/libbbd/libDaisyDuino.a(codec_pcm3060.cpp.o)
                              .pio/build/daisyseed_duino/libbbd/libDaisyDuino.a(AudioClass.cpp.o) (daisy::Pcm3060::Init(TwoWire*))
.pio/build/daisyseed_duino/libbbd/libDaisyDuino.a(codec_wm8731.cpp.o)
                              .pio/build/daisyseed_duino/libbbd/libDaisyDuino.a(AudioClass.cpp.o) (daisy::Wm8731::Init(daisy::Wm8731::Config const&, TwoWire*))
.pio/build/daisyseed_duino/libbbd/libDaisyDuino.a(ctrl.cpp.o)
                              .pio/build/daisyseed_duino/libbbd/libDaisyDuino.a(DaisyDuino.cpp.o) (daisy::AnalogControl::Init(unsigned char, float, bool, bool, float))
.pio/build/daisyseed_duino/libbbd/libDaisyDuino.a(dma.c.o)
                              .pio/build/daisyseed_duino/libbbd/libDaisyDuino.a(AudioClass.cpp.o) (dsy_dma_init)
.pio/build/daisyseed_duino/libbbd/libDaisyDuino.a(encoder.cpp.o)
                              .pio/build/daisyseed_duino/libbbd/libDaisyDuino.a(DaisyDuino.cpp.o) (daisy::Encoder::Init(float, unsigned char, unsigned char, unsigned char, unsigned char, unsigned char, unsigned char))
.pio/build/daisyseed_duino/libbbd/libDaisyDuino.a(gpio.c.o)
                              .pio/build/daisyseed_duino/libbbd/libDaisyDuino.a(DaisyDuino.cpp.o) (dsy_gpio_init)
.pio/build/daisyseed_duino/libbbd/libDaisyDuino.a(hal_map.c.o)
                              .pio/build/daisyseed_duino/libbbd/libDaisyDuino.a(gpio.c.o) (dsy_hal_map_get_port)
.pio/build/daisyseed_duino/libbbd/libDaisyDuino.a(led.cpp.o)
                              .pio/build/daisyseed_duino/libbbd/libDaisyDuino.a(DaisyDuino.cpp.o) (daisy::Led::Init(unsigned char, unsigned char, unsigned char, bool))
.pio/build/daisyseed_duino/libbbd/libDaisyDuino.a(pca9685.cpp.o)
                              .pio/build/daisyseed_duino/libbbd/libDaisyDuino.a(DaisyDuino.cpp.o) (myPCA9685::Init(unsigned char, TwoWire*))
.pio/build/daisyseed_duino/libbbd/libDaisyDuino.a(sai.cpp.o)
                              .pio/build/daisyseed_duino/libbbd/libDaisyDuino.a(AudioClass.cpp.o) (daisy::SaiHandle::Init(daisy::SaiHandle::Config const&))
.pio/build/daisyseed_duino/libbbd/libDaisyDuino.a(sdram.c.o)
                              .pio/build/daisyseed_duino/libbbd/libDaisyDuino.a(AudioClass.cpp.o) (dsy_sdram_init)
.pio/build/daisyseed_duino/libbbd/libDaisyDuino.a(switch.cpp.o)
                              .pio/build/daisyseed_duino/libbbd/libDaisyDuino.a(DaisyDuino.cpp.o) (daisy::Switch::Init(float, bool, unsigned char, unsigned char))
.pio/build/daisyseed_duino/libbbd/libDaisyDuino.a(sys_mpu.c.o)
                              .pio/build/daisyseed_duino/libbbd/libDaisyDuino.a(AudioClass.cpp.o) (dsy_mpu_init)
.pio/build/daisyseed_duino/libbbd/libDaisyDuino.a(system.cpp.o)
                              .pio/build/daisyseed_duino/src/daisy-mfx/main.cpp.o (daisy::System::GetNow())
.pio/build/daisyseed_duino/libbbd/libDaisyDuino.a(tim.cpp.o)
                              .pio/build/daisyseed_duino/libbbd/libDaisyDuino.a(system.cpp.o) (daisy::TimerHandle::Init(daisy::TimerHandle::Config const&))
.pio/build/daisyseed_duino/lib92f/libAdafruit GFX Library.a(Adafruit_GFX.cpp.o)
                              .pio/build/daisyseed_duino/src/daisy-mfx/main.cpp.o (Adafruit_GFX::fillRect(short, short, short, short, unsigned short))
[...]
Memory Configuration

Name             Origin             Length             Attributes
*default*        0x00000000         0xffffffff
DTCMRAM          0x20000000         0x00020000         xrw
ITCMRAM          0x00000000         0x00010000         xrw
RAM_D1           0x24000000         0x00080000         xrw
RAM_D2           0x30000000         0x00048000         xrw
RAM_D3           0x38000000         0x00010000         xrw
FLASH            0x08000000         0x00020000         xr
SDRAM            0xc0000000         0x04000000         xrw
QSPIFLASH        0x90000000         0x00800000         xr

Linker script and memory map

                0x24080000                        _estack = 0x24080000
                0x00000200                        _Min_Heap_Size = 0x200
                0x00000400                        _Min_Stack_Size = 0x400

.isr_vector     0x08000000      0x298
                0x08000000                        . = ALIGN (0x4)
 *(.isr_vector)
 .isr_vector    0x08000000      0x298 .pio/build/daisyseed_duino/libFrameworkArduino.a(startup_stm32yyxx.S.o)
                0x08000000                g_pfnVectors
                0x08000298                        . = ALIGN (0x4)

.text           0x08000298    0x140f8
                0x08000298                        . = ALIGN (0x4)
 *(.text)
 .text          0x08000298      0x378 /Users/dbaghurst/.platformio/packages/toolchain-gccarmnoneeabi/bin/../lib/gcc/arm-none-eabi/12.3.1/thumb/v7e-m+fp/hard/libgcc.a(_arm_addsubdf3.o)
                0x08000298                __aeabi_drsub
                0x080002a0                __subdf3
                0x080002a0                __aeabi_dsub
                0x080002a4                __aeabi_dadd
                0x080002a4                __adddf3
                0x0800051c                __aeabi_ui2d
                0x0800051c                __floatunsidf
                0x0800053c                __floatsidf
                0x0800053c                __aeabi_i2d
                0x08000560                __extendsfdf2
                0x08000560                __aeabi_f2d
                0x080005a4                __aeabi_ul2d
                0x080005a4                __floatundidf
                0x080005b4                __aeabi_l2d
                0x080005b4                __floatdidf
 .text          0x08000610      0x424 /Users/dbaghurst/.platformio/packages/toolchain-gccarmnoneeabi/bin/../lib/gcc/arm-none-eabi/12.3.1/thumb/v7e-m+fp/hard/libgcc.a(_arm_muldivdf3.o)
                0x08000610                __aeabi_dmul
                0x08000610                __muldf3
                0x08000864                __aeabi_ddiv
                0x08000864                __divdf3
 .text          0x08000a34       0x50 /Users/dbaghurst/.platformio/packages/toolchain-gccarmnoneeabi/bin/../lib/gcc/arm-none-eabi/12.3.1/thumb/v7e-m+fp/hard/libgcc.a(_arm_fixdfsi.o)
                0x08000a34                __fixdfsi
                0x08000a34                __aeabi_d2iz
 .text          0x08000a84       0xa0 /Users/dbaghurst/.platformio/packages/toolchain-gccarmnoneeabi/bin/../lib/gcc/arm-none-eabi/12.3.1/thumb/v7e-m+fp/hard/libgcc.a(_arm_truncdfsf2.o)
                0x08000a84                __aeabi_d2f
                0x08000a84                __truncdfsf2
 .text          0x08000b24       0x30 /Users/dbaghurst/.platformio/packages/toolchain-gccarmnoneeabi/bin/../lib/gcc/arm-none-eabi/12.3.1/thumb/v7e-m+fp/hard/libgcc.a(_aeabi_uldivmod.o)
                0x08000b24                __aeabi_uldivmod
 .text          0x08000b54        0x4 /Users/dbaghurst/.platformio/packages/toolchain-gccarmnoneeabi/bin/../lib/gcc/arm-none-eabi/12.3.1/thumb/v7e-m+fp/hard/libgcc.a(_dvmd_tls.o)
                0x08000b54                __aeabi_ldiv0
                0x08000b54                __aeabi_idiv0
 .text          0x08000b58       0x10 /Users/dbaghurst/.platformio/packages/toolchain-gccarmnoneeabi/bin/../lib/gcc/arm-none-eabi/12.3.1/../../../../arm-none-eabi/lib/thumb/v7e-m+fp/hard/libc_nano.a(libc_a-strlen.o)
                0x08000b58                strlen
 *(.text*)
 .text.__do_global_dtors_aux
                0x08000b68       0x24 /Users/dbaghurst/.platformio/packages/toolchain-gccarmnoneeabi/bin/../lib/gcc/arm-none-eabi/12.3.1/thumb/v7e-m+fp/hard/crtbegin.o
 .text.frame_dummy
                0x08000b8c       0x1c /Users/dbaghurst/.platformio/packages/toolchain-gccarmnoneeabi/bin/../lib/gcc/arm-none-eabi/12.3.1/thumb/v7e-m+fp/hard/crtbegin.o
 .text.SystemClock_Config
                0x08000ba8      0x14c .pio/build/daisyseed_duino/FrameworkArduinoVariant/variant_DAISY_SEED.cpp.o
                0x08000ba8                SystemClock_Config
 .text.HAL_MspInit
                0x08000cf4        0x2 .pio/build/daisyseed_duino/SrcWrapper/src/HAL/stm32yyxx_hal.c.o
                0x08000cf4                HAL_MspInit
 *fill*         0x08000cf6        0x2 
 .text.HAL_InitTick
                0x08000cf8       0x4c .pio/build/daisyseed_duino/SrcWrapper/src/HAL/stm32yyxx_hal.c.o
                0x08000cf8                HAL_InitTick
 .text.HAL_Init
                0x08000d44       0x5c .pio/build/daisyseed_duino/SrcWrapper/src/HAL/stm32yyxx_hal.c.o
                0x08000d44                HAL_Init
 .text.HAL_IncTick
                0x08000da0       0x18 .pio/build/daisyseed_duino/SrcWrapper/src/HAL/stm32yyxx_hal.c.o
                0x08000da0                HAL_IncTick
 .text.HAL_GetTick
                0x08000db8        0xc .pio/build/daisyseed_duino/SrcWrapper/src/HAL/stm32yyxx_hal.c.o
                0x08000db8                HAL_GetTick
 .text.HAL_Delay
                0x08000dc4       0x24 .pio/build/daisyseed_duino/SrcWrapper/src/HAL/stm32yyxx_hal.c.o
                0x08000dc4                HAL_Delay
 .text.HAL_GetREVID
                0x08000de8        0xc .pio/build/daisyseed_duino/SrcWrapper/src/HAL/stm32yyxx_hal.c.o
                0x08000de8                HAL_GetREVID
 .text.LL_ADC_IsEnabled
                0x08000df4        0x8 .pio/build/daisyseed_duino/SrcWrapper/src/HAL/stm32yyxx_hal_adc.c.o
 .text.LL_ADC_REG_IsConversionOngoing
                0x08000dfc        0x8 .pio/build/daisyseed_duino/SrcWrapper/src/HAL/stm32yyxx_hal_adc.c.o
 .text.HAL_ADC_PollForConversion
                0x08000e04      0x11c .pio/build/daisyseed_duino/SrcWrapper/src/HAL/stm32yyxx_hal_adc.c.o
                0x08000e04                HAL_ADC_PollForConversion
 .text.HAL_ADC_GetValue
                0x08000f20        0x6 .pio/build/daisyseed_duino/SrcWrapper/src/HAL/stm32yyxx_hal_adc.c.o
                0x08000f20                HAL_ADC_GetValue
 *fill*         0x08000f26        0x2 
 .text.HAL_ADC_ConfigChannel
                0x08000f28      0x418 .pio/build/daisyseed_duino/SrcWrapper/src/HAL/stm32yyxx_hal_adc.c.o
                0x08000f28                HAL_ADC_ConfigChannel
 .text.HAL_ADC_GetState
                0x08001340        0x4 .pio/build/daisyseed_duino/SrcWrapper/src/HAL/stm32yyxx_hal_adc.c.o
                0x08001340                HAL_ADC_GetState
 .text.ADC_ConversionStop
                0x08001344      0x100 .pio/build/daisyseed_duino/SrcWrapper/src/HAL/stm32yyxx_hal_adc.c.o
                0x08001344                ADC_ConversionStop
 .text.ADC_Enable
                0x08001444       0xac .pio/build/daisyseed_duino/SrcWrapper/src/HAL/stm32yyxx_hal_adc.c.o
                0x08001444                ADC_Enable
 .text.HAL_ADC_Start
                0x080014f0       0xfc .pio/build/daisyseed_duino/SrcWrapper/src/HAL/stm32yyxx_hal_adc.c.o
                0x080014f0                HAL_ADC_Start
 .text.ADC_Disable
                0x080015ec       0x70 .pio/build/daisyseed_duino/SrcWrapper/src/HAL/stm32yyxx_hal_adc.c.o
                0x080015ec                ADC_Disable
 .text.HAL_ADC_DeInit
                0x0800165c      0x1b4 .pio/build/daisyseed_duino/SrcWrapper/src/HAL/stm32yyxx_hal_adc.c.o
                0x0800165c                HAL_ADC_DeInit
 .text.HAL_ADC_Stop
                0x08001810       0x3e .pio/build/daisyseed_duino/SrcWrapper/src/HAL/stm32yyxx_hal_adc.c.o
                0x08001810                HAL_ADC_Stop
 *fill*         0x0800184e        0x2 
 .text.ADC_ConfigureBoostMode
                0x08001850      0x144 .pio/build/daisyseed_duino/SrcWrapper/src/HAL/stm32yyxx_hal_adc.c.o
                0x08001850                ADC_ConfigureBoostMode
 .text.HAL_ADC_Init
                0x08001994      0x218 .pio/build/daisyseed_duino/SrcWrapper/src/HAL/stm32yyxx_hal_adc.c.o
                0x08001994                HAL_ADC_Init
 .text.HAL_ADCEx_Calibration_Start
                0x08001bac       0xa0 .pio/build/daisyseed_duino/SrcWrapper/src/HAL/stm32yyxx_hal_adc_ex.c.o
                0x08001bac                HAL_ADCEx_Calibration_Start
 .text.HAL_NVIC_SetPriorityGrouping
                0x08001c4c       0x24 .pio/build/daisyseed_duino/SrcWrapper/src/HAL/stm32yyxx_hal_cortex.c.o
                0x08001c4c                HAL_NVIC_SetPriorityGrouping
 .text.HAL_NVIC_SetPriority
                0x08001c70       0x64 .pio/build/daisyseed_duino/SrcWrapper/src/HAL/stm32yyxx_hal_cortex.c.o
                0x08001c70                HAL_NVIC_SetPriority
 .text.HAL_NVIC_EnableIRQ
                0x08001cd4       0x1c .pio/build/daisyseed_duino/SrcWrapper/src/HAL/stm32yyxx_hal_cortex.c.o
                0x08001cd4                HAL_NVIC_EnableIRQ
 .text.HAL_NVIC_DisableIRQ
                0x08001cf0       0x24 .pio/build/daisyseed_duino/SrcWrapper/src/HAL/stm32yyxx_hal_cortex.c.o
                0x08001cf0                HAL_NVIC_DisableIRQ
 .text.HAL_SYSTICK_Config
                0x08001d14       0x28 .pio/build/daisyseed_duino/SrcWrapper/src/HAL/stm32yyxx_hal_cortex.c.o
                0x08001d14                HAL_SYSTICK_Config
 .text.HAL_MPU_Disable
                0x08001d3c       0x1c .pio/build/daisyseed_duino/SrcWrapper/src/HAL/stm32yyxx_hal_cortex.c.o
                0x08001d3c                HAL_MPU_Disable
 .text.HAL_MPU_Enable
                0x08001d58       0x20 .pio/build/daisyseed_duino/SrcWrapper/src/HAL/stm32yyxx_hal_cortex.c.o
                0x08001d58                HAL_MPU_Enable
 .text.HAL_MPU_ConfigRegion
                0x08001d78       0x58 .pio/build/daisyseed_duino/SrcWrapper/src/HAL/stm32yyxx_hal_cortex.c.o
                0x08001d78                HAL_MPU_ConfigRegion
 .text.HAL_NVIC_ClearPendingIRQ
                0x08001dd0       0x1c .pio/build/daisyseed_duino/SrcWrapper/src/HAL/stm32yyxx_hal_cortex.c.o
                0x08001dd0                HAL_NVIC_ClearPendingIRQ
 .text.HAL_SYSTICK_Callback
                0x08001dec        0x2 .pio/build/daisyseed_duino/SrcWrapper/src/HAL/stm32yyxx_hal_cortex.c.o
                0x08001dec                HAL_SYSTICK_Callback
 .text.HAL_SYSTICK_IRQHandler
                0x08001dee        0x8 .pio/build/daisyseed_duino/SrcWrapper/src/HAL/stm32yyxx_hal_cortex.c.o
                0x08001dee                HAL_SYSTICK_IRQHandler
 .text.HAL_CRC_MspInit
                0x08001df6        0x2 .pio/build/daisyseed_duino/SrcWrapper/src/HAL/stm32yyxx_hal_crc.c.o
                0x08001df6                HAL_CRC_MspInit
 .text.HAL_CRC_Init
                0x08001df8       0x74 .pio/build/daisyseed_duino/SrcWrapper/src/HAL/stm32yyxx_hal_crc.c.o
                0x08001df8                HAL_CRC_Init
 .text.HAL_CRCEx_Polynomial_Set
                0x08001e6c       0x52 .pio/build/daisyseed_duino/SrcWrapper/src/HAL/stm32yyxx_hal_crc_ex.c.o
                0x08001e6c                HAL_CRCEx_Polynomial_Set
 .text.HAL_DAC_DeInit
                0x08001ebe       0x1c .pio/build/daisyseed_duino/SrcWrapper/src/HAL/stm32yyxx_hal_dac.c.o
                0x08001ebe                HAL_DAC_DeInit
 .text.HAL_DAC_Stop
                0x08001eda       0x22 .pio/build/daisyseed_duino/SrcWrapper/src/HAL/stm32yyxx_hal_dac.c.o
                0x08001eda                HAL_DAC_Stop
 .text.DMA_SetConfig
                0x08001efc      0x200 .pio/build/daisyseed_duino/SrcWrapper/src/HAL/stm32yyxx_hal_dma.c.o
 .text.DMA_CalcBaseAndBitshift
                0x080020fc       0xb4 .pio/build/daisyseed_duino/SrcWrapper/src/HAL/stm32yyxx_hal_dma.c.o
 .text.DMA_CalcDMAMUXChannelBaseAndMask
                0x080021b0       0x98 .pio/build/daisyseed_duino/SrcWrapper/src/HAL/stm32yyxx_hal_dma.c.o
 .text.DMA_CalcDMAMUXRequestGenBaseAndMask
                0x08002248       0x70 .pio/build/daisyseed_duino/SrcWrapper/src/HAL/stm32yyxx_hal_dma.c.o
 .text.HAL_DMA_Init
                0x080022b8      0x390 .pio/build/daisyseed_duino/SrcWrapper/src/HAL/stm32yyxx_hal_dma.c.o
                0x080022b8                HAL_DMA_Init
 .text.HAL_DMA_Start_IT
                0x08002648      0x3ec .pio/build/daisyseed_duino/SrcWrapper/src/HAL/stm32yyxx_hal_dma.c.o
                0x08002648                HAL_DMA_Start_IT
 .text.HAL_DMA_Abort
                0x08002a34      0x43c .pio/build/daisyseed_duino/SrcWrapper/src/HAL/stm32yyxx_hal_dma.c.o
                0x08002a34                HAL_DMA_Abort
 .text.HAL_DMA_Abort_IT
                0x08002e70      0x140 .pio/build/daisyseed_duino/SrcWrapper/src/HAL/stm32yyxx_hal_dma.c.o
                0x08002e70                HAL_DMA_Abort_IT
 .text.HAL_DMA_IRQHandler
                0x08002fb0      0x6a0 .pio/build/daisyseed_duino/SrcWrapper/src/HAL/stm32yyxx_hal_dma.c.o
                0x08002fb0                HAL_DMA_IRQHandler
 .text.HAL_DMA_GetState
                0x08003650        0x6 .pio/build/daisyseed_duino/SrcWrapper/src/HAL/stm32yyxx_hal_dma.c.o
                0x08003650                HAL_DMA_GetState
 .text.HAL_DMA_GetError
                0x08003656        0x4 .pio/build/daisyseed_duino/SrcWrapper/src/HAL/stm32yyxx_hal_dma.c.o
                0x08003656                HAL_DMA_GetError
 *fill*         0x0800365a        0x2 
 .text.HAL_GPIO_Init
                0x0800365c      0x1ec .pio/build/daisyseed_duino/SrcWrapper/src/HAL/stm32yyxx_hal_gpio.c.o
                0x0800365c                HAL_GPIO_Init
 .text.HAL_GPIO_WritePin
                0x08003848        0xa .pio/build/daisyseed_duino/SrcWrapper/src/HAL/stm32yyxx_hal_gpio.c.o
                0x08003848                HAL_GPIO_WritePin
 .text.HAL_GPIO_EXTI_IRQHandler
                0x08003852       0x18 .pio/build/daisyseed_duino/SrcWrapper/src/HAL/stm32yyxx_hal_gpio.c.o
                0x08003852                HAL_GPIO_EXTI_IRQHandler
 .text.I2C_Flush_TXDR
                0x0800386a       0x1c .pio/build/daisyseed_duino/SrcWrapper/src/HAL/stm32yyxx_hal_i2c.c.o
 *fill*         0x08003886        0x2 
 .text.I2C_TransferConfig
                0x08003888       0x2c .pio/build/daisyseed_duino/SrcWrapper/src/HAL/stm32yyxx_hal_i2c.c.o
 .text.I2C_Enable_IRQ
                0x080038b4       0x88 .pio/build/daisyseed_duino/SrcWrapper/src/HAL/stm32yyxx_hal_i2c.c.o
 .text.I2C_Disable_IRQ
                0x0800393c       0x42 .pio/build/daisyseed_duino/SrcWrapper/src/HAL/stm32yyxx_hal_i2c.c.o
 .text.I2C_IsErrorOccurred
                0x0800397e      0x116 .pio/build/daisyseed_duino/SrcWrapper/src/HAL/stm32yyxx_hal_i2c.c.o
 .text.I2C_WaitOnFlagUntilTimeout
                0x08003a94       0x76 .pio/build/daisyseed_duino/SrcWrapper/src/HAL/stm32yyxx_hal_i2c.c.o
 .text.I2C_ConvertOtherXferOptions
                0x08003b0a       0x1a .pio/build/daisyseed_duino/SrcWrapper/src/HAL/stm32yyxx_hal_i2c.c.o
 .text.HAL_I2C_MspInit
                0x08003b24        0x2 .pio/build/daisyseed_duino/SrcWrapper/src/HAL/stm32yyxx_hal_i2c.c.o
                0x08003b24                HAL_I2C_MspInit
 .text.HAL_I2C_Init
                0x08003b26       0xaa .pio/build/daisyseed_duino/SrcWrapper/src/HAL/stm32yyxx_hal_i2c.c.o
                0x08003b26                HAL_I2C_Init
 .text.HAL_I2C_MspDeInit
                0x08003bd0        0x2 .pio/build/daisyseed_duino/SrcWrapper/src/HAL/stm32yyxx_hal_i2c.c.o
                0x08003bd0                HAL_I2C_MspDeInit
 .text.HAL_I2C_DeInit
                0x08003bd2       0x32 .pio/build/daisyseed_duino/SrcWrapper/src/HAL/stm32yyxx_hal_i2c.c.o
                0x08003bd2                HAL_I2C_DeInit
 .text.HAL_I2C_IsDeviceReady
                0x08003c04      0x10e .pio/build/daisyseed_duino/SrcWrapper/src/HAL/stm32yyxx_hal_i2c.c.o
                0x08003c04                HAL_I2C_IsDeviceReady
 *fill*         0x08003d12        0x2 
 .text.HAL_I2C_Master_Seq_Transmit_IT
                0x08003d14       0xe8 .pio/build/daisyseed_duino/SrcWrapper/src/HAL/stm32yyxx_hal_i2c.c.o
                0x08003d14                HAL_I2C_Master_Seq_Transmit_IT
 .text.HAL_I2C_Master_Seq_Receive_IT
                0x08003dfc       0xa4 .pio/build/daisyseed_duino/SrcWrapper/src/HAL/stm32yyxx_hal_i2c.c.o
                0x08003dfc                HAL_I2C_Master_Seq_Receive_IT
 .text.HAL_I2C_Slave_Seq_Transmit_IT
                0x08003ea0       0xc4 .pio/build/daisyseed_duino/SrcWrapper/src/HAL/stm32yyxx_hal_i2c.c.o
                0x08003ea0                HAL_I2C_Slave_Seq_Transmit_IT
 .text.HAL_I2C_Slave_Seq_Receive_IT
                0x08003f64       0xc4 .pio/build/daisyseed_duino/SrcWrapper/src/HAL/stm32yyxx_hal_i2c.c.o
                0x08003f64                HAL_I2C_Slave_Seq_Receive_IT
 .text.HAL_I2C_EnableListen_IT
                0x08004028       0x28 .pio/build/daisyseed_duino/SrcWrapper/src/HAL/stm32yyxx_hal_i2c.c.o
                0x08004028                HAL_I2C_EnableListen_IT
 .text.HAL_I2C_EV_IRQHandler
                0x08004050        0xe .pio/build/daisyseed_duino/SrcWrapper/src/HAL/stm32yyxx_hal_i2c.c.o
                0x08004050                HAL_I2C_EV_IRQHandler
 .text.HAL_I2C_MasterTxCpltCallback
                0x0800405e        0x2 .pio/build/daisyseed_duino/SrcWrapper/src/HAL/stm32yyxx_hal_i2c.c.o
                0x0800405e                HAL_I2C_MasterTxCpltCallback
 .text.HAL_I2C_MasterRxCpltCallback
                0x08004060        0x2 .pio/build/daisyseed_duino/SrcWrapper/src/HAL/stm32yyxx_hal_i2c.c.o
                0x08004060                HAL_I2C_MasterRxCpltCallback
 .text.I2C_ITMasterSeqCplt
                0x08004062       0x44 .pio/build/daisyseed_duino/SrcWrapper/src/HAL/stm32yyxx_hal_i2c.c.o
 .text.I2C_ITSlaveSeqCplt
                0x080040a6       0x6c .pio/build/daisyseed_duino/SrcWrapper/src/HAL/stm32yyxx_hal_i2c.c.o
 .text.I2C_ITAddrCplt.constprop.0
                0x08004112       0x88 .pio/build/daisyseed_duino/SrcWrapper/src/HAL/stm32yyxx_hal_i2c.c.o
 *fill*         0x0800419a        0x2 
 .text.I2C_ITListenCplt
                0x0800419c       0x60 .pio/build/daisyseed_duino/SrcWrapper/src/HAL/stm32yyxx_hal_i2c.c.o
 .text.HAL_I2C_MemTxCpltCallback
                0x080041fc        0x2 .pio/build/daisyseed_duino/SrcWrapper/src/HAL/stm32yyxx_hal_i2c.c.o
                0x080041fc                HAL_I2C_MemTxCpltCallback
 .text.HAL_I2C_MemRxCpltCallback
                0x080041fe        0x2 .pio/build/daisyseed_duino/SrcWrapper/src/HAL/stm32yyxx_hal_i2c.c.o
                0x080041fe                HAL_I2C_MemRxCpltCallback
 .text.HAL_I2C_AbortCpltCallback
                0x08004200        0x2 .pio/build/daisyseed_duino/SrcWrapper/src/HAL/stm32yyxx_hal_i2c.c.o
                0x08004200                HAL_I2C_AbortCpltCallback
 .text.I2C_TreatErrorCallback
                0x08004202       0x2c .pio/build/daisyseed_duino/SrcWrapper/src/HAL/stm32yyxx_hal_i2c.c.o
 *fill*         0x0800422e        0x2 
 .text.I2C_ITError
                0x08004230      0x108 .pio/build/daisyseed_duino/SrcWrapper/src/HAL/stm32yyxx_hal_i2c.c.o
 .text.I2C_ITMasterCplt
                0x08004338       0xee .pio/build/daisyseed_duino/SrcWrapper/src/HAL/stm32yyxx_hal_i2c.c.o
 .text.I2C_Master_ISR_IT
                0x08004426      0x138 .pio/build/daisyseed_duino/SrcWrapper/src/HAL/stm32yyxx_hal_i2c.c.o
 *fill*         0x0800455e        0x2 
 .text.I2C_Mem_ISR_DMA
                0x08004560      0x128 .pio/build/daisyseed_duino/SrcWrapper/src/HAL/stm32yyxx_hal_i2c.c.o
 .text.I2C_Master_ISR_DMA
                0x08004688      0x104 .pio/build/daisyseed_duino/SrcWrapper/src/HAL/stm32yyxx_hal_i2c.c.o
 .text.HAL_I2C_ER_IRQHandler
                0x0800478c       0x60 .pio/build/daisyseed_duino/SrcWrapper/src/HAL/stm32yyxx_hal_i2c.c.o
                0x0800478c                HAL_I2C_ER_IRQHandler
 .text.I2C_ITSlaveCplt.constprop.0
                0x080047ec      0x204 .pio/build/daisyseed_duino/SrcWrapper/src/HAL/stm32yyxx_hal_i2c.c.o
 .text.I2C_Slave_ISR_DMA
                0x080049f0      0x1a8 .pio/build/daisyseed_duino/SrcWrapper/src/HAL/stm32yyxx_hal_i2c.c.o
 .text.I2C_Slave_ISR_IT
                0x08004b98      0x112 .pio/build/daisyseed_duino/SrcWrapper/src/HAL/stm32yyxx_hal_i2c.c.o
 .text.I2C_DMAAbort
                0x08004caa       0x16 .pio/build/daisyseed_duino/SrcWrapper/src/HAL/stm32yyxx_hal_i2c.c.o
 .text.HAL_I2C_GetState
                0x08004cc0        0x6 .pio/build/daisyseed_duino/SrcWrapper/src/HAL/stm32yyxx_hal_i2c.c.o
                0x08004cc0                HAL_I2C_GetState
 .text.HAL_I2C_GetError
                0x08004cc6        0x4 .pio/build/daisyseed_duino/SrcWrapper/src/HAL/stm32yyxx_hal_i2c.c.o
                0x08004cc6                HAL_I2C_GetError
 *fill*         0x08004cca        0x2 
 .text.HAL_PWR_EnableBkUpAccess
                0x08004ccc       0x10 .pio/build/daisyseed_duino/SrcWrapper/src/HAL/stm32yyxx_hal_pwr.c.o
                0x08004ccc                HAL_PWR_EnableBkUpAccess
 .text.HAL_PWREx_ConfigSupply
                0x08004cdc       0x48 .pio/build/daisyseed_duino/SrcWrapper/src/HAL/stm32yyxx_hal_pwr_ex.c.o
                0x08004cdc                HAL_PWREx_ConfigSupply
 .text.HAL_PWREx_EnableUSBVoltageDetector
                0x08004d24       0x10 .pio/build/daisyseed_duino/SrcWrapper/src/HAL/stm32yyxx_hal_pwr_ex.c.o
                0x08004d24                HAL_PWREx_EnableUSBVoltageDetector
 .text.HAL_RCC_OscConfig
                0x08004d34      0x558 .pio/build/daisyseed_duino/SrcWrapper/src/HAL/stm32yyxx_hal_rcc.c.o
                0x08004d34                HAL_RCC_OscConfig
 .text.HAL_RCC_GetSysClockFreq
                0x0800528c      0x144 .pio/build/daisyseed_duino/SrcWrapper/src/HAL/stm32yyxx_hal_rcc.c.o
                0x0800528c                HAL_RCC_GetSysClockFreq
 .text.HAL_RCC_ClockConfig
                0x080053d0      0x24c .pio/build/daisyseed_duino/SrcWrapper/src/HAL/stm32yyxx_hal_rcc.c.o
                0x080053d0                HAL_RCC_ClockConfig
 .text.HAL_RCC_GetHCLKFreq
                0x0800561c       0x44 .pio/build/daisyseed_duino/SrcWrapper/src/HAL/stm32yyxx_hal_rcc.c.o
                0x0800561c                HAL_RCC_GetHCLKFreq
 .text.HAL_RCC_GetPCLK1Freq
                0x08005660       0x24 .pio/build/daisyseed_duino/SrcWrapper/src/HAL/stm32yyxx_hal_rcc.c.o
                0x08005660                HAL_RCC_GetPCLK1Freq
 .text.HAL_RCC_GetPCLK2Freq
                0x08005684       0x24 .pio/build/daisyseed_duino/SrcWrapper/src/HAL/stm32yyxx_hal_rcc.c.o
                0x08005684                HAL_RCC_GetPCLK2Freq
 .text.RCCEx_PLL2_Config
                0x080056a8       0xf0 .pio/build/daisyseed_duino/SrcWrapper/src/HAL/stm32yyxx_hal_rcc_ex.c.o
 .text.RCCEx_PLL3_Config
                0x08005798       0xf0 .pio/build/daisyseed_duino/SrcWrapper/src/HAL/stm32yyxx_hal_rcc_ex.c.o
 .text.HAL_RCCEx_PeriphCLKConfig
                0x08005888      0x9d4 .pio/build/daisyseed_duino/SrcWrapper/src/HAL/stm32yyxx_hal_rcc_ex.c.o
                0x08005888                HAL_RCCEx_PeriphCLKConfig
 .text.HAL_RCCEx_GetD3PCLK1Freq
                0x0800625c       0x24 .pio/build/daisyseed_duino/SrcWrapper/src/HAL/stm32yyxx_hal_rcc_ex.c.o
                0x0800625c                HAL_RCCEx_GetD3PCLK1Freq
 .text.HAL_RCCEx_GetPLL2ClockFreq
                0x08006280      0x154 .pio/build/daisyseed_duino/SrcWrapper/src/HAL/stm32yyxx_hal_rcc_ex.c.o
                0x08006280                HAL_RCCEx_GetPLL2ClockFreq
 .text.HAL_RCCEx_GetPLL3ClockFreq
                0x080063d4      0x154 .pio/build/daisyseed_duino/SrcWrapper/src/HAL/stm32yyxx_hal_rcc_ex.c.o
                0x080063d4                HAL_RCCEx_GetPLL3ClockFreq
 .text.HAL_RCCEx_GetPLL1ClockFreq
                0x08006528      0x154 .pio/build/daisyseed_duino/SrcWrapper/src/HAL/stm32yyxx_hal_rcc_ex.c.o
                0x08006528                HAL_RCCEx_GetPLL1ClockFreq
 .text.HAL_RCCEx_GetPeriphCLKFreq
                0x0800667c      0x2f8 .pio/build/daisyseed_duino/SrcWrapper/src/HAL/stm32yyxx_hal_rcc_ex.c.o
                0x0800667c                HAL_RCCEx_GetPeriphCLKFreq
 .text.SAI_InterruptFlag
                0x08006974       0x2c .pio/build/daisyseed_duino/SrcWrapper/src/HAL/stm32yyxx_hal_sai.c.o
 .text.SAI_Disable
                0x080069a0       0x40 .pio/build/daisyseed_duino/SrcWrapper/src/HAL/stm32yyxx_hal_sai.c.o
 .text.HAL_SAI_Init
                0x080069e0      0x378 .pio/build/daisyseed_duino/SrcWrapper/src/HAL/stm32yyxx_hal_sai.c.o
                0x080069e0                HAL_SAI_Init
 .text.HAL_SAI_InitProtocol
                0x08006d58      0x15c .pio/build/daisyseed_duino/SrcWrapper/src/HAL/stm32yyxx_hal_sai.c.o
                0x08006d58                HAL_SAI_InitProtocol
 .text.HAL_SAI_Transmit_DMA
                0x08006eb4       0xd8 .pio/build/daisyseed_duino/SrcWrapper/src/HAL/stm32yyxx_hal_sai.c.o
                0x08006eb4                HAL_SAI_Transmit_DMA
 .text.HAL_SAI_Receive_DMA
                0x08006f8c       0xa0 .pio/build/daisyseed_duino/SrcWrapper/src/HAL/stm32yyxx_hal_sai.c.o
                0x08006f8c                HAL_SAI_Receive_DMA
 .text.HAL_SAI_TxCpltCallback
                0x0800702c        0x2 .pio/build/daisyseed_duino/SrcWrapper/src/HAL/stm32yyxx_hal_sai.c.o
                0x0800702c                HAL_SAI_TxCpltCallback
 .text.SAI_DMATxCplt
                0x0800702e       0x38 .pio/build/daisyseed_duino/SrcWrapper/src/HAL/stm32yyxx_hal_sai.c.o
 .text.HAL_SAI_TxHalfCpltCallback
                0x08007066        0x2 .pio/build/daisyseed_duino/SrcWrapper/src/HAL/stm32yyxx_hal_sai.c.o
                0x08007066                HAL_SAI_TxHalfCpltCallback
 .text.SAI_DMATxHalfCplt
                0x08007068        0xa .pio/build/daisyseed_duino/SrcWrapper/src/HAL/stm32yyxx_hal_sai.c.o
 .text.SAI_DMARxCplt
                0x08007072       0x38 .pio/build/daisyseed_duino/SrcWrapper/src/HAL/stm32yyxx_hal_sai.c.o
 .text.SAI_DMARxHalfCplt
                0x080070aa        0xa .pio/build/daisyseed_duino/SrcWrapper/src/HAL/stm32yyxx_hal_sai.c.o
 .text.HAL_SAI_ErrorCallback
                0x080070b4        0x2 .pio/build/daisyseed_duino/SrcWrapper/src/HAL/stm32yyxx_hal_sai.c.o
                0x080070b4                HAL_SAI_ErrorCallback
 .text.SAI_DMAError
                0x080070b6       0x3c .pio/build/daisyseed_duino/SrcWrapper/src/HAL/stm32yyxx_hal_sai.c.o
 *fill*         0x080070f2        0x2 
 .text.HAL_SDRAM_Init
                0x080070f4       0x50 .pio/build/daisyseed_duino/SrcWrapper/src/HAL/stm32yyxx_hal_sdram.c.o
                0x080070f4                HAL_SDRAM_Init
 .text.HAL_SDRAM_SendCommand
                0x08007144       0x3e .pio/build/daisyseed_duino/SrcWrapper/src/HAL/stm32yyxx_hal_sdram.c.o
                0x08007144                HAL_SDRAM_SendCommand
 .text.HAL_SDRAM_ProgramRefreshRate
                0x08007182       0x30 .pio/build/daisyseed_duino/SrcWrapper/src/HAL/stm32yyxx_hal_sdram.c.o
                0x08007182                HAL_SDRAM_ProgramRefreshRate
 .text.HAL_SPI_MspInit
                0x080071b2        0x2 .pio/build/daisyseed_duino/SrcWrapper/src/HAL/stm32yyxx_hal_spi.c.o
                0x080071b2                HAL_SPI_MspInit
 .text.HAL_SPI_Init
                0x080071b4      0x158 .pio/build/daisyseed_duino/SrcWrapper/src/HAL/stm32yyxx_hal_spi.c.o
                0x080071b4                HAL_SPI_Init
 .text.HAL_TIM_PWM_PulseFinishedCallback
                0x0800730c        0x2 .pio/build/daisyseed_duino/SrcWrapper/src/HAL/stm32yyxx_hal_tim.c.o
                0x0800730c                HAL_TIM_PWM_PulseFinishedCallback
 .text.HAL_TIM_TriggerCallback
                0x0800730e        0x2 .pio/build/daisyseed_duino/SrcWrapper/src/HAL/stm32yyxx_hal_tim.c.o
                0x0800730e                HAL_TIM_TriggerCallback
 .text.HAL_TIM_IRQHandler
                0x08007310      0x140 .pio/build/daisyseed_duino/SrcWrapper/src/HAL/stm32yyxx_hal_tim.c.o
                0x08007310                HAL_TIM_IRQHandler
 .text.TIM_Base_SetConfig
                0x08007450       0xac .pio/build/daisyseed_duino/SrcWrapper/src/HAL/stm32yyxx_hal_tim.c.o
                0x08007450                TIM_Base_SetConfig
 .text.HAL_TIM_Base_Init
                0x080074fc       0x60 .pio/build/daisyseed_duino/SrcWrapper/src/HAL/stm32yyxx_hal_tim.c.o
                0x080074fc                HAL_TIM_Base_Init
 .text.HAL_TIMEx_CommutCallback
                0x0800755c        0x2 .pio/build/daisyseed_duino/SrcWrapper/src/HAL/stm32yyxx_hal_tim_ex.c.o
                0x0800755c                HAL_TIMEx_CommutCallback
 .text.HAL_TIMEx_BreakCallback
                0x0800755e        0x2 .pio/build/daisyseed_duino/SrcWrapper/src/HAL/stm32yyxx_hal_tim_ex.c.o
                0x0800755e                HAL_TIMEx_BreakCallback
 .text.HAL_TIMEx_Break2Callback
                0x08007560        0x2 .pio/build/daisyseed_duino/SrcWrapper/src/HAL/stm32yyxx_hal_tim_ex.c.o
                0x08007560                HAL_TIMEx_Break2Callback
 *fill*         0x08007562        0x2 
 .text.UART_EndRxTransfer
                0x08007564       0x58 .pio/build/daisyseed_duino/SrcWrapper/src/HAL/stm32yyxx_hal_uart.c.o
 .text.UART_TxISR_8BIT.part.0
                0x080075bc       0x26 .pio/build/daisyseed_duino/SrcWrapper/src/HAL/stm32yyxx_hal_uart.c.o
 .text.UART_TxISR_8BIT
                0x080075e2       0x30 .pio/build/daisyseed_duino/SrcWrapper/src/HAL/stm32yyxx_hal_uart.c.o
 .text.UART_TxISR_16BIT
                0x08007612       0x34 .pio/build/daisyseed_duino/SrcWrapper/src/HAL/stm32yyxx_hal_uart.c.o
 .text.UART_TxISR_8BIT_FIFOEN
                0x08007646       0x66 .pio/build/daisyseed_duino/SrcWrapper/src/HAL/stm32yyxx_hal_uart.c.o
 .text.UART_TxISR_16BIT_FIFOEN
                0x080076ac       0x6a .pio/build/daisyseed_duino/SrcWrapper/src/HAL/stm32yyxx_hal_uart.c.o
 .text.HAL_UART_MspInit
                0x08007716        0x2 .pio/build/daisyseed_duino/SrcWrapper/src/HAL/stm32yyxx_hal_uart.c.o
                0x08007716                HAL_UART_MspInit
 .text.HAL_UART_Transmit_IT
                0x08007718       0xac .pio/build/daisyseed_duino/SrcWrapper/src/HAL/stm32yyxx_hal_uart.c.o
                0x08007718                HAL_UART_Transmit_IT
 .text.UART_DMAAbortOnError
                0x080077c4       0x10 .pio/build/daisyseed_duino/SrcWrapper/src/HAL/stm32yyxx_hal_uart.c.o
 .text.HAL_UARTEx_RxEventCallback
                0x080077d4        0x2 .pio/build/daisyseed_duino/SrcWrapper/src/HAL/stm32yyxx_hal_uart.c.o
                0x080077d4                HAL_UARTEx_RxEventCallback
 *fill*         0x080077d6        0x2 
 .text.HAL_UART_IRQHandler
                0x080077d8      0x354 .pio/build/daisyseed_duino/SrcWrapper/src/HAL/stm32yyxx_hal_uart.c.o
                0x080077d8                HAL_UART_IRQHandler
 .text.UART_RxISR_8BIT
                0x08007b2c       0xcc .pio/build/daisyseed_duino/SrcWrapper/src/HAL/stm32yyxx_hal_uart.c.o
 .text.UART_RxISR_16BIT
                0x08007bf8       0xc4 .pio/build/daisyseed_duino/SrcWrapper/src/HAL/stm32yyxx_hal_uart.c.o
 .text.UART_RxISR_8BIT_FIFOEN
                0x08007cbc      0x1a0 .pio/build/daisyseed_duino/SrcWrapper/src/HAL/stm32yyxx_hal_uart.c.o
 .text.UART_RxISR_16BIT_FIFOEN
                0x08007e5c      0x198 .pio/build/daisyseed_duino/SrcWrapper/src/HAL/stm32yyxx_hal_uart.c.o
 .text.HAL_HalfDuplex_EnableTransmitter
                0x08007ff4       0x4c .pio/build/daisyseed_duino/SrcWrapper/src/HAL/stm32yyxx_hal_uart.c.o
                0x08007ff4                HAL_HalfDuplex_EnableTransmitter
 .text.HAL_HalfDuplex_EnableReceiver
                0x08008040       0x4c .pio/build/daisyseed_duino/SrcWrapper/src/HAL/stm32yyxx_hal_uart.c.o
                0x08008040                HAL_HalfDuplex_EnableReceiver
 .text.HAL_UART_GetState
                0x0800808c        0xc .pio/build/daisyseed_duino/SrcWrapper/src/HAL/stm32yyxx_hal_uart.c.o
                0x0800808c                HAL_UART_GetState
 .text.UART_SetConfig
                0x08008098      0x2b4 .pio/build/daisyseed_duino/SrcWrapper/src/HAL/stm32yyxx_hal_uart.c.o
                0x08008098                UART_SetConfig
 .text.UART_AdvFeatureConfig
                0x0800834c       0xaa .pio/build/daisyseed_duino/SrcWrapper/src/HAL/stm32yyxx_hal_uart.c.o
                0x0800834c                UART_AdvFeatureConfig
 .text.UART_WaitOnFlagUntilTimeout
                0x080083f6       0x90 .pio/build/daisyseed_duino/SrcWrapper/src/HAL/stm32yyxx_hal_uart.c.o
                0x080083f6                UART_WaitOnFlagUntilTimeout
 .text.UART_CheckIdleState
                0x08008486       0xb6 .pio/build/daisyseed_duino/SrcWrapper/src/HAL/stm32yyxx_hal_uart.c.o
                0x08008486                UART_CheckIdleState
 .text.HAL_UART_Init
                0x0800853c       0x60 .pio/build/daisyseed_duino/SrcWrapper/src/HAL/stm32yyxx_hal_uart.c.o
                0x0800853c                HAL_UART_Init
 .text.HAL_HalfDuplex_Init
                0x0800859c       0x68 .pio/build/daisyseed_duino/SrcWrapper/src/HAL/stm32yyxx_hal_uart.c.o
                0x0800859c                HAL_HalfDuplex_Init
 .text.UART_Start_Receive_IT
                0x08008604      0x114 .pio/build/daisyseed_duino/SrcWrapper/src/HAL/stm32yyxx_hal_uart.c.o
                0x08008604                UART_Start_Receive_IT
 .text.HAL_UART_Receive_IT
                0x08008718       0x44 .pio/build/daisyseed_duino/SrcWrapper/src/HAL/stm32yyxx_hal_uart.c.o
                0x08008718                HAL_UART_Receive_IT
 .text.HAL_UARTEx_RxFifoFullCallback
                0x0800875c        0x2 .pio/build/daisyseed_duino/SrcWrapper/src/HAL/stm32yyxx_hal_uart_ex.c.o
                0x0800875c                HAL_UARTEx_RxFifoFullCallback
 .text.HAL_UARTEx_TxFifoEmptyCallback
                0x0800875e        0x2 .pio/build/daisyseed_duino/SrcWrapper/src/HAL/stm32yyxx_hal_uart_ex.c.o
                0x0800875e                HAL_UARTEx_TxFifoEmptyCallback
 .text.HAL_UARTEx_EnableStopMode
                0x08008760       0x2c .pio/build/daisyseed_duino/SrcWrapper/src/HAL/stm32yyxx_hal_uart_ex.c.o
                0x08008760                HAL_UARTEx_EnableStopMode
 .text.HAL_UARTEx_DisableStopMode
                0x0800878c       0x2c .pio/build/daisyseed_duino/SrcWrapper/src/HAL/stm32yyxx_hal_uart_ex.c.o
                0x0800878c                HAL_UARTEx_DisableStopMode
 .text._ZNSt8functionIFvvEEaSEDn.isra.0
                0x080087b8       0x16 .pio/build/daisyseed_duino/SrcWrapper/src/HardwareTimer.cpp.o
 .text._ZNSt14_Function_baseD2Ev
                0x080087ce       0x12 .pio/build/daisyseed_duino/SrcWrapper/src/HardwareTimer.cpp.o
                0x080087ce                std::_Function_base::~_Function_base()
                0x080087ce                std::_Function_base::~_Function_base()
 .text._Z15get_timer_indexP11TIM_TypeDef
                0x080087e0       0xbc .pio/build/daisyseed_duino/SrcWrapper/src/HardwareTimer.cpp.o
                0x080087e0                get_timer_index(TIM_TypeDef*)
 .text._ZN13HardwareTimerD2Ev
                0x0800889c       0x40 .pio/build/daisyseed_duino/SrcWrapper/src/HardwareTimer.cpp.o
                0x0800889c                HardwareTimer::~HardwareTimer()
                0x0800889c                HardwareTimer::~HardwareTimer()
 .text._ZN13HardwareTimer5setupEP11TIM_TypeDef
                0x080088dc       0x98 .pio/build/daisyseed_duino/SrcWrapper/src/HardwareTimer.cpp.o
                0x080088dc                HardwareTimer::setup(TIM_TypeDef*)
 .text.TIM1_UP_IRQHandler
                0x08008974       0x14 .pio/build/daisyseed_duino/SrcWrapper/src/HardwareTimer.cpp.o
                0x08008974                TIM1_UP_IRQHandler
 .text.TIM1_CC_IRQHandler
                0x08008988        0x4 .pio/build/daisyseed_duino/SrcWrapper/src/HardwareTimer.cpp.o
                0x08008988                TIM1_CC_IRQHandler
 .text.TIM2_IRQHandler
                0x0800898c       0x14 .pio/build/daisyseed_duino/SrcWrapper/src/HardwareTimer.cpp.o
                0x0800898c                TIM2_IRQHandler
 .text.TIM3_IRQHandler
                0x080089a0       0x14 .pio/build/daisyseed_duino/SrcWrapper/src/HardwareTimer.cpp.o
                0x080089a0                TIM3_IRQHandler
 .text.TIM4_IRQHandler
                0x080089b4       0x14 .pio/build/daisyseed_duino/SrcWrapper/src/HardwareTimer.cpp.o
                0x080089b4                TIM4_IRQHandler
 .text.TIM5_IRQHandler
                0x080089c8       0x14 .pio/build/daisyseed_duino/SrcWrapper/src/HardwareTimer.cpp.o
                0x080089c8                TIM5_IRQHandler
 .text.TIM6_DAC_IRQHandler
                0x080089dc       0x14 .pio/build/daisyseed_duino/SrcWrapper/src/HardwareTimer.cpp.o
                0x080089dc                TIM6_DAC_IRQHandler
 .text.TIM7_IRQHandler
                0x080089f0       0x14 .pio/build/daisyseed_duino/SrcWrapper/src/HardwareTimer.cpp.o
                0x080089f0                TIM7_IRQHandler
 .text.TIM8_UP_TIM13_IRQHandler
                0x08008a04       0x24 .pio/build/daisyseed_duino/SrcWrapper/src/HardwareTimer.cpp.o
                0x08008a04                TIM8_UP_TIM13_IRQHandler
 .text.TIM8_CC_IRQHandler
                0x08008a28       0x14 .pio/build/daisyseed_duino/SrcWrapper/src/HardwareTimer.cpp.o
                0x08008a28                TIM8_CC_IRQHandler
 .text.TIM8_BRK_TIM12_IRQHandler
                0x08008a3c       0x14 .pio/build/daisyseed_duino/SrcWrapper/src/HardwareTimer.cpp.o
                0x08008a3c                TIM8_BRK_TIM12_IRQHandler
 .text.TIM8_TRG_COM_TIM14_IRQHandler
                0x08008a50       0x14 .pio/build/daisyseed_duino/SrcWrapper/src/HardwareTimer.cpp.o
                0x08008a50                TIM8_TRG_COM_TIM14_IRQHandler
 .text.TIM15_IRQHandler
                0x08008a64       0x14 .pio/build/daisyseed_duino/SrcWrapper/src/HardwareTimer.cpp.o
                0x08008a64                TIM15_IRQHandler
 .text.TIM16_IRQHandler
                0x08008a78       0x14 .pio/build/daisyseed_duino/SrcWrapper/src/HardwareTimer.cpp.o
                0x08008a78                TIM16_IRQHandler
 .text.TIM17_IRQHandler
                0x08008a8c       0x14 .pio/build/daisyseed_duino/SrcWrapper/src/HardwareTimer.cpp.o
                0x08008a8c                TIM17_IRQHandler
 .text._ZNSt8functionIFvvEEC2Ev
                0x08008aa0        0xc .pio/build/daisyseed_duino/SrcWrapper/src/HardwareTimer.cpp.o
                0x08008aa0                std::function<void ()>::function()
                0x08008aa0                std::function<void ()>::function()
 .text._ZN13HardwareTimerC2EP11TIM_TypeDef
                0x08008aac       0x2a .pio/build/daisyseed_duino/SrcWrapper/src/HardwareTimer.cpp.o
                0x08008aac                HardwareTimer::HardwareTimer(TIM_TypeDef*)
                0x08008aac                HardwareTimer::HardwareTimer(TIM_TypeDef*)
 .text._ZNKSt8functionIFvvEEclEv
                0x08008ad6       0x12 .pio/build/daisyseed_duino/SrcWrapper/src/HardwareTimer.cpp.o
                0x08008ad6                std::function<void ()>::operator()() const
 .text._ZN13HardwareTimer14updateCallbackEP17TIM_HandleTypeDef
                0x08008ae8       0x18 .pio/build/daisyseed_duino/SrcWrapper/src/HardwareTimer.cpp.o
                0x08008ae8                HardwareTimer::updateCallback(TIM_HandleTypeDef*)
 .text.HAL_TIM_PeriodElapsedCallback
                0x08008b00        0x4 .pio/build/daisyseed_duino/SrcWrapper/src/HardwareTimer.cpp.o
                0x08008b00                HAL_TIM_PeriodElapsedCallback
 .text._ZN13HardwareTimer22captureCompareCallbackEP17TIM_HandleTypeDef
                0x08008b04       0x3e .pio/build/daisyseed_duino/SrcWrapper/src/HardwareTimer.cpp.o
                0x08008b04                HardwareTimer::captureCompareCallback(TIM_HandleTypeDef*)
 .text.HAL_TIM_OC_DelayElapsedCallback
                0x08008b42        0x4 .pio/build/daisyseed_duino/SrcWrapper/src/HardwareTimer.cpp.o
                0x08008b42                HAL_TIM_OC_DelayElapsedCallback
 .text.HAL_TIM_IC_CaptureCallback
                0x08008b46        0x4 .pio/build/daisyseed_duino/SrcWrapper/src/HardwareTimer.cpp.o
                0x08008b46                HAL_TIM_IC_CaptureCallback
 .text.FMC_SDRAM_Init
                0x08008b4a       0x70 .pio/build/daisyseed_duino/SrcWrapper/src/LL/stm32yyxx_ll_fmc.c.o
                0x08008b4a                FMC_SDRAM_Init
 .text.FMC_SDRAM_Timing_Init
                0x08008bba       0x6c .pio/build/daisyseed_duino/SrcWrapper/src/LL/stm32yyxx_ll_fmc.c.o
                0x08008bba                FMC_SDRAM_Timing_Init
 .text.FMC_SDRAM_SendCommand
                0x08008c26       0x24 .pio/build/daisyseed_duino/SrcWrapper/src/LL/stm32yyxx_ll_fmc.c.o
                0x08008c26                FMC_SDRAM_SendCommand
 .text.FMC_SDRAM_ProgramRefreshRate
                0x08008c4a       0x14 .pio/build/daisyseed_duino/SrcWrapper/src/LL/stm32yyxx_ll_fmc.c.o
                0x08008c4a                FMC_SDRAM_ProgramRefreshRate
 .text._Znwj    0x08008c5e        0x4 .pio/build/daisyseed_duino/SrcWrapper/src/new.cpp.o
                0x08008c5e                operator new(unsigned int)
 .text._ZdlPvj  0x08008c62        0x4 .pio/build/daisyseed_duino/SrcWrapper/src/new.cpp.o
                0x08008c62                operator delete(void*, unsigned int)
 *fill*         0x08008c66        0x2 
 .text.set_GPIO_Port_Clock
                0x08008c68      0x198 .pio/build/daisyseed_duino/SrcWrapper/src/stm32/PortNames.c.o
                0x08008c68                set_GPIO_Port_Clock
 .text.get_adc_channel
                0x08008e00       0x24 .pio/build/daisyseed_duino/SrcWrapper/src/stm32/analog.cpp.o
                0x08008e00                get_adc_channel
 .text.get_adc_internal_channel
                0x08008e24       0x18 .pio/build/daisyseed_duino/SrcWrapper/src/stm32/analog.cpp.o
                0x08008e24                get_adc_internal_channel
 .text.get_dac_channel
                0x08008e3c       0x24 .pio/build/daisyseed_duino/SrcWrapper/src/stm32/analog.cpp.o
                0x08008e3c                get_dac_channel
 .text.HAL_DAC_MspDeInit
                0x08008e60       0x48 .pio/build/daisyseed_duino/SrcWrapper/src/stm32/analog.cpp.o
                0x08008e60                HAL_DAC_MspDeInit
 .text.dac_stop
                0x08008ea8       0x34 .pio/build/daisyseed_duino/SrcWrapper/src/stm32/analog.cpp.o
                0x08008ea8                dac_stop
 .text.HAL_ADC_MspInit
                0x08008edc       0x94 .pio/build/daisyseed_duino/SrcWrapper/src/stm32/analog.cpp.o
                0x08008edc                HAL_ADC_MspInit
 .text.HAL_ADC_MspDeInit
                0x08008f70       0x90 .pio/build/daisyseed_duino/SrcWrapper/src/stm32/analog.cpp.o
                0x08008f70                HAL_ADC_MspDeInit
 .text.adc_read_value
                0x08009000      0x26c .pio/build/daisyseed_duino/SrcWrapper/src/stm32/analog.cpp.o
                0x08009000                adc_read_value
 .text.pwm_stop
                0x0800926c       0x5c .pio/build/daisyseed_duino/SrcWrapper/src/stm32/analog.cpp.o
                0x0800926c                pwm_stop
 .text.getCurrentMillis
                0x080092c8        0x4 .pio/build/daisyseed_duino/SrcWrapper/src/stm32/clock.c.o
                0x080092c8                getCurrentMillis
 .text.noOsSystickHandler
                0x080092cc        0x2 .pio/build/daisyseed_duino/SrcWrapper/src/stm32/clock.c.o
                0x080092cc                noOsSystickHandler
                0x080092cc                osSystickHandler
 .text.SysTick_Handler
                0x080092ce       0x10 .pio/build/daisyseed_duino/SrcWrapper/src/stm32/clock.c.o
                0x080092ce                SysTick_Handler
 *fill*         0x080092de        0x2 
 .text.enableClock
                0x080092e0       0xc0 .pio/build/daisyseed_duino/SrcWrapper/src/stm32/clock.c.o
                0x080092e0                enableClock
 .text.configHSECapacitorTuning
                0x080093a0        0x2 .pio/build/daisyseed_duino/SrcWrapper/src/stm32/clock.c.o
                0x080093a0                configHSECapacitorTuning
 *fill*         0x080093a2        0x2 
 .text.configIPClock
                0x080093a4       0x54 .pio/build/daisyseed_duino/SrcWrapper/src/stm32/clock.c.o
                0x080093a4                configIPClock
 .text.dwt_access
                0x080093f8       0x28 .pio/build/daisyseed_duino/SrcWrapper/src/stm32/dwt.c.o
                0x080093f8                dwt_access
 .text.dwt_init
                0x08009420       0x44 .pio/build/daisyseed_duino/SrcWrapper/src/stm32/dwt.c.o
                0x08009420                dwt_init
 .text.hw_config_init
                0x08009464       0x24 .pio/build/daisyseed_duino/SrcWrapper/src/stm32/hw_config.c.o
                0x08009464                hw_config_init
 .text.startup._ZNSt8functionIFvvEEC2EDn.constprop.0.isra.0
                0x08009488        0xc .pio/build/daisyseed_duino/SrcWrapper/src/stm32/interrupt.cpp.o
 .text.HAL_GPIO_EXTI_Callback
                0x08009494       0x2c .pio/build/daisyseed_duino/SrcWrapper/src/stm32/interrupt.cpp.o
                0x08009494                HAL_GPIO_EXTI_Callback
 .text.EXTI0_IRQHandler
                0x080094c0        0x6 .pio/build/daisyseed_duino/SrcWrapper/src/stm32/interrupt.cpp.o
                0x080094c0                EXTI0_IRQHandler
 .text.EXTI1_IRQHandler
                0x080094c6        0x6 .pio/build/daisyseed_duino/SrcWrapper/src/stm32/interrupt.cpp.o
                0x080094c6                EXTI1_IRQHandler
 .text.EXTI2_IRQHandler
                0x080094cc        0x6 .pio/build/daisyseed_duino/SrcWrapper/src/stm32/interrupt.cpp.o
                0x080094cc                EXTI2_IRQHandler
 .text.EXTI3_IRQHandler
                0x080094d2        0x6 .pio/build/daisyseed_duino/SrcWrapper/src/stm32/interrupt.cpp.o
                0x080094d2                EXTI3_IRQHandler
 .text.EXTI4_IRQHandler
                0x080094d8        0x6 .pio/build/daisyseed_duino/SrcWrapper/src/stm32/interrupt.cpp.o
                0x080094d8                EXTI4_IRQHandler
 .text.EXTI9_5_IRQHandler
                0x080094de       0x16 .pio/build/daisyseed_duino/SrcWrapper/src/stm32/interrupt.cpp.o
                0x080094de                EXTI9_5_IRQHandler
 .text.EXTI15_10_IRQHandler
                0x080094f4       0x18 .pio/build/daisyseed_duino/SrcWrapper/src/stm32/interrupt.cpp.o
                0x080094f4                EXTI15_10_IRQHandler
 .text.startup._GLOBAL__sub_I__Z22stm32_interrupt_enable7PinNameSt8functionIFvvEEm
                0x0800950c       0xd4 .pio/build/daisyseed_duino/SrcWrapper/src/stm32/interrupt.cpp.o
 .text.exit._GLOBAL__sub_D__Z22stm32_interrupt_enable7PinNameSt8functionIFvvEEm
                0x080095e0       0x1c .pio/build/daisyseed_duino/SrcWrapper/src/stm32/interrupt.cpp.o
 .text.configure_dualpad_switch
                0x080095fc       0x24 .pio/build/daisyseed_duino/SrcWrapper/src/stm32/pinmap.c.o
 .text.pin_in_pinmap
                0x08009620       0x1e .pio/build/daisyseed_duino/SrcWrapper/src/stm32/pinmap.c.o
                0x08009620                pin_in_pinmap
 *fill*         0x0800963e        0x2 
 .text.pin_function
                0x08009640      0x120 .pio/build/daisyseed_duino/SrcWrapper/src/stm32/pinmap.c.o
                0x08009640                pin_function
 .text.pinmap_pinout
                0x08009760       0x1a .pio/build/daisyseed_duino/SrcWrapper/src/stm32/pinmap.c.o
                0x08009760                pinmap_pinout
 .text.pinmap_find_peripheral
                0x0800977a       0x16 .pio/build/daisyseed_duino/SrcWrapper/src/stm32/pinmap.c.o
                0x0800977a                pinmap_find_peripheral
 .text.pinmap_peripheral
                0x08009790        0xc .pio/build/daisyseed_duino/SrcWrapper/src/stm32/pinmap.c.o
                0x08009790                pinmap_peripheral
 .text.pinmap_find_pin
                0x0800979c       0x16 .pio/build/daisyseed_duino/SrcWrapper/src/stm32/pinmap.c.o
                0x0800979c                pinmap_find_pin
 .text.pinmap_pin
                0x080097b2        0xc .pio/build/daisyseed_duino/SrcWrapper/src/stm32/pinmap.c.o
                0x080097b2                pinmap_pin
 .text.pinmap_find_function
                0x080097be       0x16 .pio/build/daisyseed_duino/SrcWrapper/src/stm32/pinmap.c.o
                0x080097be                pinmap_find_function
 .text.pinmap_function
                0x080097d4        0xa .pio/build/daisyseed_duino/SrcWrapper/src/stm32/pinmap.c.o
                0x080097d4                pinmap_function
 .text.pinmap_merge_peripheral
                0x080097de       0x14 .pio/build/daisyseed_duino/SrcWrapper/src/stm32/pinmap.c.o
                0x080097de                pinmap_merge_peripheral
 *fill*         0x080097f2        0x2 
 .text.SystemInit
                0x080097f4       0xf0 .pio/build/daisyseed_duino/SrcWrapper/src/stm32/system_stm32yyxx.c.o
                0x080097f4                SystemInit
 .text.ExitRun0Mode
                0x080098e4       0x18 .pio/build/daisyseed_duino/SrcWrapper/src/stm32/system_stm32yyxx.c.o
                0x080098e4                ExitRun0Mode
 .text.get_timer_obj
                0x080098fc        0x4 .pio/build/daisyseed_duino/SrcWrapper/src/stm32/timer.c.o
                0x080098fc                get_timer_obj
 .text.enableTimerClock
                0x08009900      0x21c .pio/build/daisyseed_duino/SrcWrapper/src/stm32/timer.c.o
                0x08009900                enableTimerClock
 .text.disableTimerClock
                0x08009b1c      0x13c .pio/build/daisyseed_duino/SrcWrapper/src/stm32/timer.c.o
                0x08009b1c                disableTimerClock
 .text.getTimerUpIrq
                0x08009c58       0xc0 .pio/build/daisyseed_duino/SrcWrapper/src/stm32/timer.c.o
                0x08009c58                getTimerUpIrq
 .text.getTimerCCIrq
                0x08009d18       0xc4 .pio/build/daisyseed_duino/SrcWrapper/src/stm32/timer.c.o
                0x08009d18                getTimerCCIrq
 .text.HAL_TIM_Base_MspInit
                0x08009ddc       0x4e .pio/build/daisyseed_duino/SrcWrapper/src/stm32/timer.c.o
                0x08009ddc                HAL_TIM_Base_MspInit
 *fill*         0x08009e2a        0x2 
 .text.uart_init
                0x08009e2c      0x5d0 .pio/build/daisyseed_duino/SrcWrapper/src/stm32/uart.c.o
                0x08009e2c                uart_init
 .text.serial_rx_active
                0x0800a3fc       0x24 .pio/build/daisyseed_duino/SrcWrapper/src/stm32/uart.c.o
                0x0800a3fc                serial_rx_active
 .text.serial_tx_active
                0x0800a420       0x24 .pio/build/daisyseed_duino/SrcWrapper/src/stm32/uart.c.o
                0x0800a420                serial_tx_active
 .text.uart_getc
                0x0800a444       0x38 .pio/build/daisyseed_duino/SrcWrapper/src/stm32/uart.c.o
                0x0800a444                uart_getc
 .text.uart_attach_rx_callback
                0x0800a47c       0x40 .pio/build/daisyseed_duino/SrcWrapper/src/stm32/uart.c.o
                0x0800a47c                uart_attach_rx_callback
 .text.uart_attach_tx_callback
                0x0800a4bc       0x44 .pio/build/daisyseed_duino/SrcWrapper/src/stm32/uart.c.o
                0x0800a4bc                uart_attach_tx_callback
 .text.uart_enable_tx
                0x0800a500       0x20 .pio/build/daisyseed_duino/SrcWrapper/src/stm32/uart.c.o
                0x0800a500                uart_enable_tx
 .text.uart_enable_rx
                0x0800a520       0x20 .pio/build/daisyseed_duino/SrcWrapper/src/stm32/uart.c.o
                0x0800a520                uart_enable_rx
 .text.HAL_UART_RxCpltCallback
                0x0800a540        0x8 .pio/build/daisyseed_duino/SrcWrapper/src/stm32/uart.c.o
                0x0800a540                HAL_UART_RxCpltCallback
 .text.HAL_UART_TxCpltCallback
                0x0800a548        0x8 .pio/build/daisyseed_duino/SrcWrapper/src/stm32/uart.c.o
                0x0800a548                HAL_UART_TxCpltCallback
 .text.HAL_UART_ErrorCallback
                0x0800a550       0x48 .pio/build/daisyseed_duino/SrcWrapper/src/stm32/uart.c.o
                0x0800a550                HAL_UART_ErrorCallback
 .text.USART1_IRQHandler
                0x0800a598       0x18 .pio/build/daisyseed_duino/SrcWrapper/src/stm32/uart.c.o
                0x0800a598                USART1_IRQHandler
 .text.USART2_IRQHandler
                0x0800a5b0       0x1c .pio/build/daisyseed_duino/SrcWrapper/src/stm32/uart.c.o
                0x0800a5b0                USART2_IRQHandler
 .text.USART3_IRQHandler
                0x0800a5cc       0x1c .pio/build/daisyseed_duino/SrcWrapper/src/stm32/uart.c.o
                0x0800a5cc                USART3_IRQHandler
 .text.UART4_IRQHandler
                0x0800a5e8       0x18 .pio/build/daisyseed_duino/SrcWrapper/src/stm32/uart.c.o
                0x0800a5e8                UART4_IRQHandler
 .text.UART5_IRQHandler
                0x0800a600       0x18 .pio/build/daisyseed_duino/SrcWrapper/src/stm32/uart.c.o
                0x0800a600                UART5_IRQHandler
 .text.USART6_IRQHandler
                0x0800a618       0x18 .pio/build/daisyseed_duino/SrcWrapper/src/stm32/uart.c.o
                0x0800a618                USART6_IRQHandler
 .text.LPUART1_IRQHandler
                0x0800a630       0x18 .pio/build/daisyseed_duino/SrcWrapper/src/stm32/uart.c.o
                0x0800a630                LPUART1_IRQHandler
 .text.UART7_IRQHandler
                0x0800a648       0x18 .pio/build/daisyseed_duino/SrcWrapper/src/stm32/uart.c.o
                0x0800a648                UART7_IRQHandler
 .text.UART8_IRQHandler
                0x0800a660       0x18 .pio/build/daisyseed_duino/SrcWrapper/src/stm32/uart.c.o
                0x0800a660                UART8_IRQHandler
 .text.HAL_UARTEx_WakeupCallback
                0x0800a678        0xa .pio/build/daisyseed_duino/SrcWrapper/src/stm32/uart.c.o
                0x0800a678                HAL_UARTEx_WakeupCallback
 *fill*         0x0800a682        0x2 
 .text._sbrk    0x0800a684       0x3c .pio/build/daisyseed_duino/SrcWrapper/src/syscalls.c.o
                0x0800a684                _sbrk
 .text._exit    0x0800a6c0        0x2 .pio/build/daisyseed_duino/SrcWrapper/src/syscalls.c.o
                0x0800a6c0                _exit
 *fill*         0x0800a6c2        0x2 
 .text._kill    0x0800a6c4       0x10 .pio/build/daisyseed_duino/SrcWrapper/src/syscalls.c.o
                0x0800a6c4                _kill
 .text._getpid  0x0800a6d4        0x4 .pio/build/daisyseed_duino/SrcWrapper/src/syscalls.c.o
                0x0800a6d4                _getpid
 .text._ZN2uiL12printClippedEiiiPKc
                0x0800a6d8       0x4c .pio/build/daisyseed_duino/src/daisy-mfx/main.cpp.o
 .text._ZN2uiL14printLabelOnlyEiiiPKc
                0x0800a724       0x4c .pio/build/daisyseed_duino/src/daisy-mfx/main.cpp.o
 .text._ZN7daisysp12PitchShifter16SetTranspositionERKf.isra.0
                0x0800a770       0xd0 .pio/build/daisyseed_duino/src/daisy-mfx/main.cpp.o
 .text._ZN7daisysp6myrandEv
                0x0800a840       0x18 .pio/build/daisyseed_duino/src/daisy-mfx/main.cpp.o
                0x0800a840                daisysp::myrand()
 .text._ZN7daisysp12PitchShifter4InitEf
                0x0800a858       0xd0 .pio/build/daisyseed_duino/src/daisy-mfx/main.cpp.o
                0x0800a858                daisysp::PitchShifter::Init(float)
 .text._Z9map_exp01fff
                0x0800a928       0x60 .pio/build/daisyseed_duino/src/daisy-mfx/main.cpp.o
                0x0800a928                map_exp01(float, float, float)
 .text._Z9map_lin01fff
                0x0800a988       0x38 .pio/build/daisyseed_duino/src/daisy-mfx/main.cpp.o
                0x0800a988                map_lin01(float, float, float)
 .text._ZN9OnePoleLP9SetCutoffEff
                0x0800a9c0       0x48 .pio/build/daisyseed_duino/src/daisy-mfx/main.cpp.o
                0x0800a9c0                OnePoleLP::SetCutoff(float, float)
 .text._Z12readPotInv01i
                0x0800aa08       0x24 .pio/build/daisyseed_duino/src/daisy-mfx/main.cpp.o
                0x0800aa08                readPotInv01(int)
 .text._Z8cv_uni01f
                0x0800aa2c       0x3c .pio/build/daisyseed_duino/src/daisy-mfx/main.cpp.o
                0x0800aa2c                cv_uni01(float)
 .text._Z8OledWakev
                0x0800aa68       0x30 .pio/build/daisyseed_duino/src/daisy-mfx/main.cpp.o
                0x0800aa68                OledWake()
 .text._ZN7daisysp9DelayLineIfLj16384EE8SetDelayEf
                0x0800aa98       0x22 .pio/build/daisyseed_duino/src/daisy-mfx/main.cpp.o
                0x0800aa98                daisysp::DelayLine<float, 16384u>::SetDelay(float)
 .text._ZNK7daisysp9DelayLineIfLj16384EE4ReadEv
                0x0800aaba       0x2e .pio/build/daisyseed_duino/src/daisy-mfx/main.cpp.o
                0x0800aaba                daisysp::DelayLine<float, 16384u>::Read() const
 .text._ZN7daisysp12PitchShifter7ProcessERf
                0x0800aae8      0x21c .pio/build/daisyseed_duino/src/daisy-mfx/main.cpp.o
                0x0800aae8                daisysp::PitchShifter::Process(float&)
 .text._ZN7daisysp9DelayLineIfLj96000EE5ResetEv
                0x0800ad04       0x1c .pio/build/daisyseed_duino/src/daisy-mfx/main.cpp.o
                0x0800ad04                daisysp::DelayLine<float, 96000u>::Reset()
 .text._ZN7daisysp9DelayLineIfLj12000EE5WriteEf
                0x0800ad20       0x20 .pio/build/daisyseed_duino/src/daisy-mfx/main.cpp.o
                0x0800ad20                daisysp::DelayLine<float, 12000u>::Write(float)
 .text._ZN7daisysp9DelayLineIfLj16000EE5WriteEf
                0x0800ad40       0x20 .pio/build/daisyseed_duino/src/daisy-mfx/main.cpp.o
                0x0800ad40                daisysp::DelayLine<float, 16000u>::Write(float)
 .text._ZN7daisysp9DelayLineIfLj1200EE5WriteEf
                0x0800ad60       0x1e .pio/build/daisyseed_duino/src/daisy-mfx/main.cpp.o
                0x0800ad60                daisysp::DelayLine<float, 1200u>::Write(float)
 *fill*         0x0800ad7e        0x2 
 .text._ZL19ResetFxForBankPatchv
                0x0800ad80      0x150 .pio/build/daisyseed_duino/src/daisy-mfx/main.cpp.o
 .text._ZNK7daisysp9DelayLineIfLj12000EE4ReadEv
                0x0800aed0       0x3a .pio/build/daisyseed_duino/src/daisy-mfx/main.cpp.o
                0x0800aed0                daisysp::DelayLine<float, 12000u>::Read() const
 .text._ZNK7daisysp9DelayLineIfLj16000EE4ReadEv
                0x0800af0a       0x3a .pio/build/daisyseed_duino/src/daisy-mfx/main.cpp.o
                0x0800af0a                daisysp::DelayLine<float, 16000u>::Read() const
 .text._ZNK7daisysp9DelayLineIfLj1200EE4ReadEv
                0x0800af44       0x3a .pio/build/daisyseed_duino/src/daisy-mfx/main.cpp.o
                0x0800af44                daisysp::DelayLine<float, 1200u>::Read() const
 *fill*         0x0800af7e        0x2 
 .text._ZN7daisysp9DelayLineIfLj96000EE8SetDelayEf
                0x0800af80       0x24 .pio/build/daisyseed_duino/src/daisy-mfx/main.cpp.o
                0x0800af80                daisysp::DelayLine<float, 96000u>::SetDelay(float)
 .text._ZNK7daisysp9DelayLineIfLj96000EE4ReadEv
                0x0800afa4       0x3c .pio/build/daisyseed_duino/src/daisy-mfx/main.cpp.o
                0x0800afa4                daisysp::DelayLine<float, 96000u>::Read() const
 .text._ZN7daisysp9DelayLineIfLj96000EE5WriteEf
                0x0800afe0       0x24 .pio/build/daisyseed_duino/src/daisy-mfx/main.cpp.o
                0x0800afe0                daisysp::DelayLine<float, 96000u>::Write(float)
 .text._Z13AudioCallbackPPfS0_j
                0x0800b004      0xdac .pio/build/daisyseed_duino/src/daisy-mfx/main.cpp.o
                0x0800b004                AudioCallback(float**, float**, unsigned int)
 .text.startup._GLOBAL__sub_I_oled
                0x0800bdb0       0xb0 .pio/build/daisyseed_duino/src/daisy-mfx/main.cpp.o
 .text.exit._GLOBAL__sub_D_oled
                0x0800be60        0xc .pio/build/daisyseed_duino/src/daisy-mfx/main.cpp.o
 .text._ZZN2uiL12drawBankMenuE4BankENKUliiPKcbE_clEiiS2_b.constprop.0
                0x0800be6c       0xac .pio/build/daisyseed_duino/src/daisy-mfx/main.cpp.o
 .text._ZN2uiL12drawBankMenuE4Bank
                0x0800bf18       0x8c .pio/build/daisyseed_duino/src/daisy-mfx/main.cpp.o
 .text.setup    0x0800bfa4      0x290 .pio/build/daisyseed_duino/src/daisy-mfx/main.cpp.o
                0x0800bfa4                setup
 .text._ZN2uiL7drawBarEiiiifb.constprop.0
                0x0800c234       0xac .pio/build/daisyseed_duino/src/daisy-mfx/main.cpp.o
 .text.loop     0x0800c2e0      0x670 .pio/build/daisyseed_duino/src/daisy-mfx/main.cpp.o
                0x0800c2e0                loop
 .text._ZN5Print17availableForWriteEv
                0x0800c950        0x4 .pio/build/daisyseed_duino/lib646/libWire.a(Wire.cpp.o)
                0x0800c950                Print::availableForWrite()
 .text._ZN7TwoWire9availableEv
                0x0800c954        0x8 .pio/build/daisyseed_duino/lib646/libWire.a(Wire.cpp.o)
                0x0800c954                TwoWire::available()
 .text._ZN7TwoWire4readEv
                0x0800c95c       0x1a .pio/build/daisyseed_duino/lib646/libWire.a(Wire.cpp.o)
                0x0800c95c                TwoWire::read()
 .text._ZN7TwoWire4peekEv
                0x0800c976       0x12 .pio/build/daisyseed_duino/lib646/libWire.a(Wire.cpp.o)
                0x0800c976                TwoWire::peek()
 .text._ZN7TwoWire16onRequestServiceEP5i2c_s
                0x0800c988       0x16 .pio/build/daisyseed_duino/lib646/libWire.a(Wire.cpp.o)
                0x0800c988                TwoWire::onRequestService(i2c_s*)
 *fill*         0x0800c99e        0x2 
 .text._ZN7TwoWireC2Emm
                0x0800c9a0       0xcc .pio/build/daisyseed_duino/lib646/libWire.a(Wire.cpp.o)
                0x0800c9a0                TwoWire::TwoWire(unsigned long, unsigned long)
                0x0800c9a0                TwoWire::TwoWire(unsigned long, unsigned long)
 .text._ZN7TwoWire3endEv
                0x0800ca6c       0x28 .pio/build/daisyseed_duino/lib646/libWire.a(Wire.cpp.o)
                0x0800ca6c                TwoWire::end()
 .text._ZN7TwoWireD2Ev
                0x0800ca94       0x28 .pio/build/daisyseed_duino/lib646/libWire.a(Wire.cpp.o)
                0x0800ca94                TwoWire::~TwoWire()
                0x0800ca94                TwoWire::~TwoWire()
 .text._ZN7TwoWire8setClockEm
                0x0800cabc       0x34 .pio/build/daisyseed_duino/lib646/libWire.a(Wire.cpp.o)
                0x0800cabc                TwoWire::setClock(unsigned long)
 .text._ZN7TwoWire17beginTransmissionEh
                0x0800caf0       0x10 .pio/build/daisyseed_duino/lib646/libWire.a(Wire.cpp.o)
                0x0800caf0                TwoWire::beginTransmission(unsigned char)
 .text._ZN7TwoWire17beginTransmissionEi
                0x0800cb00       0x10 .pio/build/daisyseed_duino/lib646/libWire.a(Wire.cpp.o)
                0x0800cb00                TwoWire::beginTransmission(int)
 .text._ZN7TwoWire16allocateRxBufferEj
                0x0800cb10       0x24 .pio/build/daisyseed_duino/lib646/libWire.a(Wire.cpp.o)
                0x0800cb10                TwoWire::allocateRxBuffer(unsigned int)
 .text._ZN7TwoWire16onReceiveServiceEP5i2c_s
                0x0800cb34       0x4c .pio/build/daisyseed_duino/lib646/libWire.a(Wire.cpp.o)
                0x0800cb34                TwoWire::onReceiveService(i2c_s*)
 .text._ZN7TwoWire16allocateTxBufferEj
                0x0800cb80       0x32 .pio/build/daisyseed_duino/lib646/libWire.a(Wire.cpp.o)
                0x0800cb80                TwoWire::allocateTxBuffer(unsigned int)
 .text._ZN7TwoWire5writeEh
                0x0800cbb2       0x42 .pio/build/daisyseed_duino/lib646/libWire.a(Wire.cpp.o)
                0x0800cbb2                TwoWire::write(unsigned char)
 .text._ZN7TwoWire5writeEPKhj
                0x0800cbf4       0x42 .pio/build/daisyseed_duino/lib646/libWire.a(Wire.cpp.o)
                0x0800cbf4                TwoWire::write(unsigned char const*, unsigned int)
 .text._ZN7TwoWire13resetRxBufferEv
                0x0800cc36       0x10 .pio/build/daisyseed_duino/lib646/libWire.a(Wire.cpp.o)
                0x0800cc36                TwoWire::resetRxBuffer()
 .text._ZN7TwoWire13resetTxBufferEv
                0x0800cc46       0x10 .pio/build/daisyseed_duino/lib646/libWire.a(Wire.cpp.o)
                0x0800cc46                TwoWire::resetTxBuffer()
 .text._ZN7TwoWire15endTransmissionEh
                0x0800cc56       0x44 .pio/build/daisyseed_duino/lib646/libWire.a(Wire.cpp.o)
                0x0800cc56                TwoWire::endTransmission(unsigned char)
 .text._ZN7TwoWire11requestFromEhhmhh
                0x0800cc9a       0x96 .pio/build/daisyseed_duino/lib646/libWire.a(Wire.cpp.o)
                0x0800cc9a                TwoWire::requestFrom(unsigned char, unsigned char, unsigned long, unsigned char, unsigned char)
 .text._ZN7TwoWire11requestFromEhhh
                0x0800cd30       0x12 .pio/build/daisyseed_duino/lib646/libWire.a(Wire.cpp.o)
                0x0800cd30                TwoWire::requestFrom(unsigned char, unsigned char, unsigned char)
 .text._ZN7TwoWire11requestFromEii
                0x0800cd42        0xa .pio/build/daisyseed_duino/lib646/libWire.a(Wire.cpp.o)
                0x0800cd42                TwoWire::requestFrom(int, int)
 .text._ZN7TwoWire15endTransmissionEv
                0x0800cd4c        0x6 .pio/build/daisyseed_duino/lib646/libWire.a(Wire.cpp.o)
                0x0800cd4c                TwoWire::endTransmission()
 .text._ZN7TwoWire5flushEv
                0x0800cd52       0x18 .pio/build/daisyseed_duino/lib646/libWire.a(Wire.cpp.o)
                0x0800cd52                TwoWire::flush()
 *fill*         0x0800cd6a        0x2 
 .text._ZN7TwoWire10recoverBusEv
                0x0800cd6c       0xcc .pio/build/daisyseed_duino/lib646/libWire.a(Wire.cpp.o)
                0x0800cd6c                TwoWire::recoverBus()
 .text._ZN7TwoWire5beginEhbb
                0x0800ce38       0x9c .pio/build/daisyseed_duino/lib646/libWire.a(Wire.cpp.o)
                0x0800ce38                TwoWire::begin(unsigned char, bool, bool)
 .text._ZN7TwoWire5beginEb
                0x0800ced4        0xa .pio/build/daisyseed_duino/lib646/libWire.a(Wire.cpp.o)
                0x0800ced4                TwoWire::begin(bool)
 *fill*         0x0800cede        0x2 
 .text.startup._GLOBAL__sub_I__ZN7TwoWireC2Emm
                0x0800cee0       0x10 .pio/build/daisyseed_duino/lib646/libWire.a(Wire.cpp.o)
 .text.exit._GLOBAL__sub_D__ZN7TwoWireC2Emm
                0x0800cef0        0xc .pio/build/daisyseed_duino/lib646/libWire.a(Wire.cpp.o)
 .text.i2c_getTiming.constprop.0
                0x0800cefc       0x3c .pio/build/daisyseed_duino/lib646/libWire.a(twi.c.o)
 .text.i2c_init
                0x0800cf38      0x204 .pio/build/daisyseed_duino/lib646/libWire.a(twi.c.o)
                0x0800cf38                i2c_init
 .text.i2c_deinit
                0x0800d13c       0xf0 .pio/build/daisyseed_duino/lib646/libWire.a(twi.c.o)
                0x0800d13c                i2c_deinit
 .text.i2c_setTiming
                0x0800d22c       0x28 .pio/build/daisyseed_duino/lib646/libWire.a(twi.c.o)
                0x0800d22c                i2c_setTiming
 .text.i2c_slave_write_IT
                0x0800d254       0x34 .pio/build/daisyseed_duino/lib646/libWire.a(twi.c.o)
                0x0800d254                i2c_slave_write_IT
 .text.i2c_master_read
                0x0800d288       0x8e .pio/build/daisyseed_duino/lib646/libWire.a(twi.c.o)
                0x0800d288                i2c_master_read
 .text.i2c_IsDeviceReady
                0x0800d316       0x40 .pio/build/daisyseed_duino/lib646/libWire.a(twi.c.o)
                0x0800d316                i2c_IsDeviceReady
 .text.i2c_master_write
                0x0800d356       0xa2 .pio/build/daisyseed_duino/lib646/libWire.a(twi.c.o)
                0x0800d356                i2c_master_write
 .text.i2c_attachSlaveRxEvent
                0x0800d3f8        0xe .pio/build/daisyseed_duino/lib646/libWire.a(twi.c.o)
                0x0800d3f8                i2c_attachSlaveRxEvent
 .text.i2c_attachSlaveTxEvent
                0x0800d406        0xe .pio/build/daisyseed_duino/lib646/libWire.a(twi.c.o)
                0x0800d406                i2c_attachSlaveTxEvent
 .text.HAL_I2C_AddrCallback
                0x0800d414       0x6e .pio/build/daisyseed_duino/lib646/libWire.a(twi.c.o)
                0x0800d414                HAL_I2C_AddrCallback
 .text.HAL_I2C_ListenCpltCallback
                0x0800d482       0x2a .pio/build/daisyseed_duino/lib646/libWire.a(twi.c.o)
                0x0800d482                HAL_I2C_ListenCpltCallback
 .text.HAL_I2C_SlaveRxCpltCallback
                0x0800d4ac       0x26 .pio/build/daisyseed_duino/lib646/libWire.a(twi.c.o)
                0x0800d4ac                HAL_I2C_SlaveRxCpltCallback
 .text.HAL_I2C_SlaveTxCpltCallback
                0x0800d4d2        0x8 .pio/build/daisyseed_duino/lib646/libWire.a(twi.c.o)
                0x0800d4d2                HAL_I2C_SlaveTxCpltCallback
 .text.HAL_I2C_ErrorCallback
                0x0800d4da        0xc .pio/build/daisyseed_duino/lib646/libWire.a(twi.c.o)
                0x0800d4da                HAL_I2C_ErrorCallback
 *fill*         0x0800d4e6        0x2 
 .text.I2C1_EV_IRQHandler
                0x0800d4e8        0xc .pio/build/daisyseed_duino/lib646/libWire.a(twi.c.o)
                0x0800d4e8                I2C1_EV_IRQHandler
 .text.I2C1_ER_IRQHandler
                0x0800d4f4        0xc .pio/build/daisyseed_duino/lib646/libWire.a(twi.c.o)
                0x0800d4f4                I2C1_ER_IRQHandler
 .text.I2C2_EV_IRQHandler
                0x0800d500        0xc .pio/build/daisyseed_duino/lib646/libWire.a(twi.c.o)
                0x0800d500                I2C2_EV_IRQHandler
 .text.I2C2_ER_IRQHandler
                0x0800d50c        0xc .pio/build/daisyseed_duino/lib646/libWire.a(twi.c.o)
                0x0800d50c                I2C2_ER_IRQHandler
 .text.I2C3_EV_IRQHandler
                0x0800d518        0xc .pio/build/daisyseed_duino/lib646/libWire.a(twi.c.o)
                0x0800d518                I2C3_EV_IRQHandler
 .text.I2C3_ER_IRQHandler
                0x0800d524        0xc .pio/build/daisyseed_duino/lib646/libWire.a(twi.c.o)
                0x0800d524                I2C3_ER_IRQHandler
 .text.I2C4_EV_IRQHandler
                0x0800d530       0x1c .pio/build/daisyseed_duino/lib646/libWire.a(twi.c.o)
                0x0800d530                I2C4_EV_IRQHandler
 .text.I2C4_ER_IRQHandler
                0x0800d54c        0xc .pio/build/daisyseed_duino/lib646/libWire.a(twi.c.o)
                0x0800d54c                I2C4_ER_IRQHandler
 .text._ZN10AudioClass14ConfigureSdramEv
                0x0800d558       0x10 .pio/build/daisyseed_duino/libbbd/libDaisyDuino.a(AudioClass.cpp.o)
                0x0800d558                AudioClass::ConfigureSdram()
 .text._ZN10AudioClass5beginEPFvPPfS1_jE
                0x0800d568        0x6 .pio/build/daisyseed_duino/libbbd/libDaisyDuino.a(AudioClass.cpp.o)
                0x0800d568                AudioClass::begin(void (*)(float**, float**, unsigned int))
 .text._ZN10AudioClass14get_samplerateEv
                0x0800d56e        0x6 .pio/build/daisyseed_duino/libbbd/libDaisyDuino.a(AudioClass.cpp.o)
                0x0800d56e                AudioClass::get_samplerate()
 .text._ZN10AudioClass14AudioBlockSizeEv
                0x0800d574       0x1a .pio/build/daisyseed_duino/libbbd/libDaisyDuino.a(AudioClass.cpp.o)
                0x0800d574                AudioClass::AudioBlockSize()
 .text._ZN10AudioClass17BoardVersionCheckEv
                0x0800d58e       0x18 .pio/build/daisyseed_duino/libbbd/libDaisyDuino.a(AudioClass.cpp.o)
                0x0800d58e                AudioClass::BoardVersionCheck()
 *fill*         0x0800d5a6        0x2 
 .text._ZN10AudioClass4initE16DaisyDuinoDevice20DaisyDuinoSampleRate
                0x0800d5a8      0x1bc .pio/build/daisyseed_duino/libbbd/libDaisyDuino.a(AudioClass.cpp.o)
                0x0800d5a8                AudioClass::init(DaisyDuinoDevice, DaisyDuinoSampleRate)
 .text.startup._GLOBAL__sub_I_PinMap_I2C_SDA
                0x0800d764       0x4c .pio/build/daisyseed_duino/libbbd/libDaisyDuino.a(AudioClass.cpp.o)
 .text.exit._GLOBAL__sub_D_PinMap_I2C_SDA
                0x0800d7b0        0xc .pio/build/daisyseed_duino/libbbd/libDaisyDuino.a(AudioClass.cpp.o)
 .text._ZN13DaisyHardware7InitPodEf
                0x0800d7bc       0xb0 .pio/build/daisyseed_duino/libbbd/libDaisyDuino.a(DaisyDuino.cpp.o)
                0x0800d7bc                DaisyHardware::InitPod(float)
 .text._ZN13DaisyHardware9InitPatchEf
                0x0800d86c       0xd8 .pio/build/daisyseed_duino/libbbd/libDaisyDuino.a(DaisyDuino.cpp.o)
                0x0800d86c                DaisyHardware::InitPatch(float)
 .text._ZN5daisy16LedDriverPca9685ILi2ELb1EE4InitERA2_KhPNS1_21PCA9685TransmitBufferES6_m
                0x0800d944       0x88 .pio/build/daisyseed_duino/libbbd/libDaisyDuino.a(DaisyDuino.cpp.o)
                0x0800d944                daisy::LedDriverPca9685<2, true>::Init(unsigned char const (&) [2], daisy::LedDriverPca9685<2, true>::PCA9685TransmitBuffer*, daisy::LedDriverPca9685<2, true>::PCA9685TransmitBuffer*, unsigned long)
 .text._ZN5daisy16LedDriverPca9685ILi2ELb1EE6SetLedEif
                0x0800d9cc       0x7c .pio/build/daisyseed_duino/libbbd/libDaisyDuino.a(DaisyDuino.cpp.o)
                0x0800d9cc                daisy::LedDriverPca9685<2, true>::SetLed(int, float)
 .text._ZN13DaisyHardware10SetRingLedEhfff
                0x0800da48       0x80 .pio/build/daisyseed_duino/libbbd/libDaisyDuino.a(DaisyDuino.cpp.o)
                0x0800da48                DaisyHardware::SetRingLed(unsigned char, float, float, float)
 .text._ZN13DaisyHardware16SetFootswitchLedEhf
                0x0800dac8       0x30 .pio/build/daisyseed_duino/libbbd/libDaisyDuino.a(DaisyDuino.cpp.o)
                0x0800dac8                DaisyHardware::SetFootswitchLed(unsigned char, float)
 .text._ZN13DaisyHardware14SetKeyboardLedEhhf
                0x0800daf8       0x28 .pio/build/daisyseed_duino/libbbd/libDaisyDuino.a(DaisyDuino.cpp.o)
                0x0800daf8                DaisyHardware::SetKeyboardLed(unsigned char, unsigned char, float)
 .text._ZN13DaisyHardware10SetKnobLedEhf
                0x0800db20       0x1c .pio/build/daisyseed_duino/libbbd/libDaisyDuino.a(DaisyDuino.cpp.o)
                0x0800db20                DaisyHardware::SetKnobLed(unsigned char, float)
 .text._ZN13DaisyHardware9ClearLedsEv
                0x0800db3c       0x90 .pio/build/daisyseed_duino/libbbd/libDaisyDuino.a(DaisyDuino.cpp.o)
                0x0800db3c                DaisyHardware::ClearLeds()
 .text._ZN5daisy16LedDriverPca9685ILi2ELb1EE22SwapBuffersAndTransmitEv
                0x0800dbcc       0x96 .pio/build/daisyseed_duino/libbbd/libDaisyDuino.a(DaisyDuino.cpp.o)
                0x0800dbcc                daisy::LedDriverPca9685<2, true>::SwapBuffersAndTransmit()
 .text._ZN13DaisyHardware10UpdateLedsEv
                0x0800dc62       0x18 .pio/build/daisyseed_duino/libbbd/libDaisyDuino.a(DaisyDuino.cpp.o)
                0x0800dc62                DaisyHardware::UpdateLeds()
 *fill*         0x0800dc7a        0x2 
 .text._ZN13DaisyHardware9InitPetalEf
                0x0800dc7c      0x198 .pio/build/daisyseed_duino/libbbd/libDaisyDuino.a(DaisyDuino.cpp.o)
                0x0800dc7c                DaisyHardware::InitPetal(float)
 .text._ZN13DaisyHardware9InitFieldEf
                0x0800de14      0x128 .pio/build/daisyseed_duino/libbbd/libDaisyDuino.a(DaisyDuino.cpp.o)
                0x0800de14                DaisyHardware::InitField(float)
 .text._ZN13DaisyHardware4InitEf16DaisyDuinoDevice
                0x0800df3c       0x3c .pio/build/daisyseed_duino/libbbd/libDaisyDuino.a(DaisyDuino.cpp.o)
                0x0800df3c                DaisyHardware::Init(float, DaisyDuinoDevice)
 .text.startup._GLOBAL__sub_I__ZN13DaisyHardware4InitEf16DaisyDuinoDevice
                0x0800df78       0x34 .pio/build/daisyseed_duino/libbbd/libDaisyDuino.a(DaisyDuino.cpp.o)
 .text._ZN7daisysp6Phasor7SetFreqEf
                0x0800dfac       0x20 .pio/build/daisyseed_duino/libbbd/libDaisyDuino.a(phasor.cpp.o)
                0x0800dfac                daisysp::Phasor::SetFreq(float)
 .text._ZN7daisysp6Phasor7ProcessEv
                0x0800dfcc       0x44 .pio/build/daisyseed_duino/libbbd/libDaisyDuino.a(phasor.cpp.o)
                0x0800dfcc                daisysp::Phasor::Process()
 .text._ZN7daisysp8ReverbSc17NextRandomLinesegEPNS_10ReverbScDlEi
                0x0800e010      0x110 .pio/build/daisyseed_duino/libbbd/libDaisyDuino.a(reverbsc.cpp.o)
                0x0800e010                daisysp::ReverbSc::NextRandomLineseg(daisysp::ReverbScDl*, int)
 .text._ZN7daisysp8ReverbSc13InitDelayLineEPNS_10ReverbScDlEi
                0x0800e120      0x120 .pio/build/daisyseed_duino/libbbd/libDaisyDuino.a(reverbsc.cpp.o)
                0x0800e120                daisysp::ReverbSc::InitDelayLine(daisysp::ReverbScDl*, int)
 .text._ZN7daisysp8ReverbSc4InitEf
                0x0800e240       0xd4 .pio/build/daisyseed_duino/libbbd/libDaisyDuino.a(reverbsc.cpp.o)
                0x0800e240                daisysp::ReverbSc::Init(float)
 *fill*         0x0800e314        0x4 
 .text._ZN7daisysp8ReverbSc7ProcessERKfS2_PfS3_
                0x0800e318      0x260 .pio/build/daisyseed_duino/libbbd/libDaisyDuino.a(reverbsc.cpp.o)
                0x0800e318                daisysp::ReverbSc::Process(float const&, float const&, float*, float*)
 .text._ZNK5daisy11AudioHandle4Impl11GetChannelsEv
                0x0800e578       0x1a .pio/build/daisyseed_duino/libbbd/libDaisyDuino.a(audio.cpp.o)
                0x0800e578                daisy::AudioHandle::Impl::GetChannels() const
 *fill*         0x0800e592        0x2 
 .text._ZN5daisy11AudioHandle4Impl16InternalCallbackEPlS2_j
                0x0800e594      0x99c .pio/build/daisyseed_duino/libbbd/libDaisyDuino.a(audio.cpp.o)
                0x0800e594                daisy::AudioHandle::Impl::InternalCallback(long*, long*, unsigned int)
 .text._ZN5daisy11AudioHandle4Impl4InitENS0_6ConfigENS_9SaiHandleE
                0x0800ef30       0x5c .pio/build/daisyseed_duino/libbbd/libDaisyDuino.a(audio.cpp.o)
                0x0800ef30                daisy::AudioHandle::Impl::Init(daisy::AudioHandle::Config, daisy::SaiHandle)
 .text._ZN5daisy11AudioHandle4Impl5StartEPFvPPfS3_jE
                0x0800ef8c       0x40 .pio/build/daisyseed_duino/libbbd/libDaisyDuino.a(audio.cpp.o)
                0x0800ef8c                daisy::AudioHandle::Impl::Start(void (*)(float**, float**, unsigned int))
 .text._ZN5daisy11AudioHandle4InitERKNS0_6ConfigENS_9SaiHandleE
                0x0800efcc       0x1c .pio/build/daisyseed_duino/libbbd/libDaisyDuino.a(audio.cpp.o)
                0x0800efcc                daisy::AudioHandle::Init(daisy::AudioHandle::Config const&, daisy::SaiHandle)
 .text._ZN5daisy11AudioHandle4InitERKNS0_6ConfigENS_9SaiHandleES4_
                0x0800efe8       0x3c .pio/build/daisyseed_duino/libbbd/libDaisyDuino.a(audio.cpp.o)
                0x0800efe8                daisy::AudioHandle::Init(daisy::AudioHandle::Config const&, daisy::SaiHandle, daisy::SaiHandle)
 .text._ZNK5daisy11AudioHandle9GetConfigEv
                0x0800f024        0x6 .pio/build/daisyseed_duino/libbbd/libDaisyDuino.a(audio.cpp.o)
                0x0800f024                daisy::AudioHandle::GetConfig() const
 .text._ZN5daisy11AudioHandle13GetSampleRateEv
                0x0800f02a        0x8 .pio/build/daisyseed_duino/libbbd/libDaisyDuino.a(audio.cpp.o)
                0x0800f02a                daisy::AudioHandle::GetSampleRate()
 .text._ZN5daisy11AudioHandle5StartEPFvPPfS2_jE
                0x0800f032        0x6 .pio/build/daisyseed_duino/libbbd/libDaisyDuino.a(audio.cpp.o)
                0x0800f032                daisy::AudioHandle::Start(void (*)(float**, float**, unsigned int))
 .text.startup._GLOBAL__sub_I__ZN5daisy11AudioHandle4Impl4InitENS0_6ConfigENS_9SaiHandleE
                0x0800f038       0x10 .pio/build/daisyseed_duino/libbbd/libDaisyDuino.a(audio.cpp.o)
 .text._ZN5daisy6Ak45564InitE12dsy_gpio_pin
                0x0800f048       0x3a .pio/build/daisyseed_duino/libbbd/libDaisyDuino.a(codec_ak4556.cpp.o)
                0x0800f048                daisy::Ak4556::Init(dsy_gpio_pin)
 .text._ZN5daisy7Pcm306012ReadRegisterEhPh
                0x0800f082       0x3e .pio/build/daisyseed_duino/libbbd/libDaisyDuino.a(codec_pcm3060.cpp.o)
                0x0800f082                daisy::Pcm3060::ReadRegister(unsigned char, unsigned char*)
 .text._ZN5daisy7Pcm306013WriteRegisterEhh
                0x0800f0c0       0x30 .pio/build/daisyseed_duino/libbbd/libDaisyDuino.a(codec_pcm3060.cpp.o)
                0x0800f0c0                daisy::Pcm3060::WriteRegister(unsigned char, unsigned char)
 .text._ZN5daisy7Pcm30604InitEP7TwoWire
                0x0800f0f0      0x100 .pio/build/daisyseed_duino/libbbd/libDaisyDuino.a(codec_pcm3060.cpp.o)
                0x0800f0f0                daisy::Pcm3060::Init(TwoWire*)
 .text._ZN5daisy6Wm873120WriteControlRegisterEht
                0x0800f1f0       0x3c .pio/build/daisyseed_duino/libbbd/libDaisyDuino.a(codec_wm8731.cpp.o)
                0x0800f1f0                daisy::Wm8731::WriteControlRegister(unsigned char, unsigned short)
 .text._ZN5daisy6Wm87314InitERKNS0_6ConfigEP7TwoWire
                0x0800f22c      0x104 .pio/build/daisyseed_duino/libbbd/libDaisyDuino.a(codec_wm8731.cpp.o)
                0x0800f22c                daisy::Wm8731::Init(daisy::Wm8731::Config const&, TwoWire*)
 .text._ZN5daisy13AnalogControl4InitEhfbbf
                0x0800f330       0x50 .pio/build/daisyseed_duino/libbbd/libDaisyDuino.a(ctrl.cpp.o)
                0x0800f330                daisy::AnalogControl::Init(unsigned char, float, bool, bool, float)
 .text._ZN5daisy13AnalogControl13InitBipolarCvEhf
                0x0800f380       0x58 .pio/build/daisyseed_duino/libbbd/libDaisyDuino.a(ctrl.cpp.o)
                0x0800f380                daisy::AnalogControl::InitBipolarCv(unsigned char, float)
 .text.dsy_dma_init
                0x0800f3d8       0x98 .pio/build/daisyseed_duino/libbbd/libDaisyDuino.a(dma.c.o)
                0x0800f3d8                dsy_dma_init
 .text._ZN5daisy7Encoder4InitEfhhhhhh
                0x0800f470       0x52 .pio/build/daisyseed_duino/libbbd/libDaisyDuino.a(encoder.cpp.o)
                0x0800f470                daisy::Encoder::Init(float, unsigned char, unsigned char, unsigned char, unsigned char, unsigned char, unsigned char)
 *fill*         0x0800f4c2        0x2 
 .text.dsy_gpio_init
                0x0800f4c4      0x160 .pio/build/daisyseed_duino/libbbd/libDaisyDuino.a(gpio.c.o)
                0x0800f4c4                dsy_gpio_init
 .text.dsy_gpio_write
                0x0800f624       0x24 .pio/build/daisyseed_duino/libbbd/libDaisyDuino.a(gpio.c.o)
                0x0800f624                dsy_gpio_write
 .text.dsy_hal_map_get_port
                0x0800f648       0x10 .pio/build/daisyseed_duino/libbbd/libDaisyDuino.a(hal_map.c.o)
                0x0800f648                dsy_hal_map_get_port
 .text.dsy_hal_map_get_pin
                0x0800f658       0x10 .pio/build/daisyseed_duino/libbbd/libDaisyDuino.a(hal_map.c.o)
                0x0800f658                dsy_hal_map_get_pin
 .text._ZN5daisy3Led4InitEhhhb
                0x0800f668       0x30 .pio/build/daisyseed_duino/libbbd/libDaisyDuino.a(led.cpp.o)
                0x0800f668                daisy::Led::Init(unsigned char, unsigned char, unsigned char, bool)
 .text._ZN7TwoWire5writeEi.isra.0
                0x0800f698        0x8 .pio/build/daisyseed_duino/libbbd/libDaisyDuino.a(pca9685.cpp.o)
 .text._ZN9myPCA96854InitEhP7TwoWire
                0x0800f6a0        0xa .pio/build/daisyseed_duino/libbbd/libDaisyDuino.a(pca9685.cpp.o)
                0x0800f6a0                myPCA9685::Init(unsigned char, TwoWire*)
 .text._ZN9myPCA968510SetAddressEh
                0x0800f6aa        0x4 .pio/build/daisyseed_duino/libbbd/libDaisyDuino.a(pca9685.cpp.o)
                0x0800f6aa                myPCA9685::SetAddress(unsigned char)
 .text._ZN9myPCA968511isConnectedEv
                0x0800f6ae       0x1c .pio/build/daisyseed_duino/libbbd/libDaisyDuino.a(pca9685.cpp.o)
                0x0800f6ae                myPCA9685::isConnected()
 .text._ZN9myPCA96858writeRegEhh
                0x0800f6ca       0x2e .pio/build/daisyseed_duino/libbbd/libDaisyDuino.a(pca9685.cpp.o)
                0x0800f6ca                myPCA9685::writeReg(unsigned char, unsigned char)
 .text._ZN9myPCA96859writeModeEhh
                0x0800f6f8       0x1e .pio/build/daisyseed_duino/libbbd/libDaisyDuino.a(pca9685.cpp.o)
                0x0800f6f8                myPCA9685::writeMode(unsigned char, unsigned char)
 .text._ZN9myPCA96855resetEv
                0x0800f716       0x1c .pio/build/daisyseed_duino/libbbd/libDaisyDuino.a(pca9685.cpp.o)
                0x0800f716                myPCA9685::reset()
 .text._ZN9myPCA96855beginEv
                0x0800f732       0x20 .pio/build/daisyseed_duino/libbbd/libDaisyDuino.a(pca9685.cpp.o)
                0x0800f732                myPCA9685::begin()
 .text._ZN9myPCA96859writeReg2Ehtt
                0x0800f752       0x4a .pio/build/daisyseed_duino/libbbd/libDaisyDuino.a(pca9685.cpp.o)
                0x0800f752                myPCA9685::writeReg2(unsigned char, unsigned short, unsigned short)
 .text._ZN9myPCA96856setPWMEhtt
                0x0800f79c       0x22 .pio/build/daisyseed_duino/libbbd/libDaisyDuino.a(pca9685.cpp.o)
                0x0800f79c                myPCA9685::setPWM(unsigned char, unsigned short, unsigned short)
 *fill*         0x0800f7be        0x2 
 .text._ZN5daisy9SaiHandle4Impl4InitERKNS0_6ConfigE
                0x0800f7c0      0x148 .pio/build/daisyseed_duino/libbbd/libDaisyDuino.a(sai.cpp.o)
                0x0800f7c0                daisy::SaiHandle::Impl::Init(daisy::SaiHandle::Config const&)
 .text._ZN5daisy9SaiHandle4Impl7InitDmaENS1_15PeripheralBlockE
                0x0800f908       0xa0 .pio/build/daisyseed_duino/libbbd/libDaisyDuino.a(sai.cpp.o)
                0x0800f908                daisy::SaiHandle::Impl::InitDma(daisy::SaiHandle::Impl::PeripheralBlock)
 .text._ZN5daisy9SaiHandle4Impl16InternalCallbackEj
                0x0800f9a8       0x2a .pio/build/daisyseed_duino/libbbd/libDaisyDuino.a(sai.cpp.o)
                0x0800f9a8                daisy::SaiHandle::Impl::InternalCallback(unsigned int)
 .text._ZN5daisy9SaiHandle4Impl16StartDmaTransferEPlS2_jPFvS2_S2_jE
                0x0800f9d2       0x8c .pio/build/daisyseed_duino/libbbd/libDaisyDuino.a(sai.cpp.o)
                0x0800f9d2                daisy::SaiHandle::Impl::StartDmaTransfer(long*, long*, unsigned int, void (*)(long*, long*, unsigned int))
 *fill*         0x0800fa5e        0x2 
 .text._ZN5daisy9SaiHandle4Impl13GetSampleRateEv
                0x0800fa60       0x20 .pio/build/daisyseed_duino/libbbd/libDaisyDuino.a(sai.cpp.o)
                0x0800fa60                daisy::SaiHandle::Impl::GetSampleRate()
 .text._ZN5daisy9SaiHandle4Impl8InitPinsEv
                0x0800fa80       0x9e .pio/build/daisyseed_duino/libbbd/libDaisyDuino.a(sai.cpp.o)
                0x0800fa80                daisy::SaiHandle::Impl::InitPins()
 *fill*         0x0800fb1e        0x2 
 .text.HAL_SAI_MspInit
                0x0800fb20      0x130 .pio/build/daisyseed_duino/libbbd/libDaisyDuino.a(sai.cpp.o)
                0x0800fb20                HAL_SAI_MspInit
 .text.DMA1_Stream0_IRQHandler
                0x0800fc50        0xc .pio/build/daisyseed_duino/libbbd/libDaisyDuino.a(sai.cpp.o)
                0x0800fc50                DMA1_Stream0_IRQHandler
 .text.DMA1_Stream1_IRQHandler
                0x0800fc5c        0xc .pio/build/daisyseed_duino/libbbd/libDaisyDuino.a(sai.cpp.o)
                0x0800fc5c                DMA1_Stream1_IRQHandler
 .text.DMA1_Stream3_IRQHandler
                0x0800fc68        0xc .pio/build/daisyseed_duino/libbbd/libDaisyDuino.a(sai.cpp.o)
                0x0800fc68                DMA1_Stream3_IRQHandler
 .text.DMA1_Stream4_IRQHandler
                0x0800fc74        0xc .pio/build/daisyseed_duino/libbbd/libDaisyDuino.a(sai.cpp.o)
                0x0800fc74                DMA1_Stream4_IRQHandler
 .text.HAL_SAI_RxHalfCpltCallback
                0x0800fc80       0x44 .pio/build/daisyseed_duino/libbbd/libDaisyDuino.a(sai.cpp.o)
                0x0800fc80                HAL_SAI_RxHalfCpltCallback
 .text.HAL_SAI_RxCpltCallback
                0x0800fcc4       0x4c .pio/build/daisyseed_duino/libbbd/libDaisyDuino.a(sai.cpp.o)
                0x0800fcc4                HAL_SAI_RxCpltCallback
 .text._ZN5daisy9SaiHandle4InitERKNS0_6ConfigE
                0x0800fd10       0x20 .pio/build/daisyseed_duino/libbbd/libDaisyDuino.a(sai.cpp.o)
                0x0800fd10                daisy::SaiHandle::Init(daisy::SaiHandle::Config const&)
 .text._ZNK5daisy9SaiHandle9GetConfigEv
                0x0800fd30        0x4 .pio/build/daisyseed_duino/libbbd/libDaisyDuino.a(sai.cpp.o)
                0x0800fd30                daisy::SaiHandle::GetConfig() const
 .text._ZN5daisy9SaiHandle8StartDmaEPlS1_jPFvS1_S1_jE
                0x0800fd34        0x6 .pio/build/daisyseed_duino/libbbd/libDaisyDuino.a(sai.cpp.o)
                0x0800fd34                daisy::SaiHandle::StartDma(long*, long*, unsigned int, void (*)(long*, long*, unsigned int))
 .text._ZN5daisy9SaiHandle13GetSampleRateEv
                0x0800fd3a        0x6 .pio/build/daisyseed_duino/libbbd/libDaisyDuino.a(sai.cpp.o)
                0x0800fd3a                daisy::SaiHandle::GetSampleRate()
 .text._ZNK5daisy9SaiHandle9GetOffsetEv
                0x0800fd40        0x8 .pio/build/daisyseed_duino/libbbd/libDaisyDuino.a(sai.cpp.o)
                0x0800fd40                daisy::SaiHandle::GetOffset() const
 .text.dsy_sdram_init
                0x0800fd48       0xfc .pio/build/daisyseed_duino/libbbd/libDaisyDuino.a(sdram.c.o)
                0x0800fd48                dsy_sdram_init
 .text.HAL_SDRAM_MspInit
                0x0800fe44      0x1b8 .pio/build/daisyseed_duino/libbbd/libDaisyDuino.a(sdram.c.o)
                0x0800fe44                HAL_SDRAM_MspInit
 .text._ZN5daisy6Switch4InitEfbhh
                0x0800fffc       0x28 .pio/build/daisyseed_duino/libbbd/libDaisyDuino.a(switch.cpp.o)
                0x0800fffc                daisy::Switch::Init(float, bool, unsigned char, unsigned char)
 .text.dsy_mpu_init
                0x08010024       0x58 .pio/build/daisyseed_duino/libbbd/libDaisyDuino.a(sys_mpu.c.o)
                0x08010024                dsy_mpu_init
 .text._ZN5daisy6System6GetNowEv
                0x0801007c        0x4 .pio/build/daisyseed_duino/libbbd/libDaisyDuino.a(system.cpp.o)
                0x0801007c                daisy::System::GetNow()
 .text._ZN5daisy6System5DelayEm
                0x08010080        0x4 .pio/build/daisyseed_duino/libbbd/libDaisyDuino.a(system.cpp.o)
                0x08010080                daisy::System::Delay(unsigned long)
 .text.startup._GLOBAL__sub_I__ZN5daisy6System4tim_E
                0x08010084        0xc .pio/build/daisyseed_duino/libbbd/libDaisyDuino.a(system.cpp.o)
 .text._ZN5Print5flushEv
                0x08010090        0x2 .pio/build/daisyseed_duino/lib92f/libAdafruit GFX Library.a(Adafruit_GFX.cpp.o)
                0x08010090                Print::flush()
 .text._ZN12Adafruit_GFX9writeLineEsssst
                0x08010092       0xbe .pio/build/daisyseed_duino/lib92f/libAdafruit GFX Library.a(Adafruit_GFX.cpp.o)
                0x08010092                Adafruit_GFX::writeLine(short, short, short, short, unsigned short)
 .text._ZN12Adafruit_GFX10startWriteEv
                0x08010150        0x2 .pio/build/daisyseed_duino/lib92f/libAdafruit GFX Library.a(Adafruit_GFX.cpp.o)
                0x08010150                Adafruit_GFX::endWrite()
                0x08010150                Adafruit_GFX::startWrite()
 .text._ZN12Adafruit_GFX10writePixelEsst
                0x08010152        0xe .pio/build/daisyseed_duino/lib92f/libAdafruit GFX Library.a(Adafruit_GFX.cpp.o)
                0x08010152                Adafruit_GFX::writePixel(short, short, unsigned short)
 .text._ZN12Adafruit_GFX14writeFastVLineEssst
                0x08010160       0x12 .pio/build/daisyseed_duino/lib92f/libAdafruit GFX Library.a(Adafruit_GFX.cpp.o)
                0x08010160                Adafruit_GFX::writeFastVLine(short, short, short, unsigned short)
 .text._ZN12Adafruit_GFX14writeFastHLineEssst
                0x08010172       0x12 .pio/build/daisyseed_duino/lib92f/libAdafruit GFX Library.a(Adafruit_GFX.cpp.o)
                0x08010172                Adafruit_GFX::writeFastHLine(short, short, short, unsigned short)
 .text._ZN12Adafruit_GFX13writeFillRectEsssst
                0x08010184       0x18 .pio/build/daisyseed_duino/lib92f/libAdafruit GFX Library.a(Adafruit_GFX.cpp.o)
                0x08010184                Adafruit_GFX::writeFillRect(short, short, short, short, unsigned short)
 .text._ZN12Adafruit_GFX13drawFastVLineEssst
                0x0801019c       0x3e .pio/build/daisyseed_duino/lib92f/libAdafruit GFX Library.a(Adafruit_GFX.cpp.o)
                0x0801019c                Adafruit_GFX::drawFastVLine(short, short, short, unsigned short)
 .text._ZN12Adafruit_GFX13drawFastHLineEssst
                0x080101da       0x3a .pio/build/daisyseed_duino/lib92f/libAdafruit GFX Library.a(Adafruit_GFX.cpp.o)
                0x080101da                Adafruit_GFX::drawFastHLine(short, short, short, unsigned short)
 .text._ZN12Adafruit_GFX8fillRectEsssst